Component: Arm Compiler for Embedded 6.19 Tool: armlink [5e73cb00]

==============================================================================

Section Cross References

    startup_stm32g473xx.o(RESET) refers to startup_stm32g473xx.o(STACK) for __initial_sp
    startup_stm32g473xx.o(RESET) refers to startup_stm32g473xx.o(.text) for Reset_Handler
    startup_stm32g473xx.o(RESET) refers to stm32g4xx_it.o(.text.NMI_Handler) for NMI_Handler
    startup_stm32g473xx.o(RESET) refers to stm32g4xx_it.o(.text.HardFault_Handler) for HardFault_Handler
    startup_stm32g473xx.o(RESET) refers to stm32g4xx_it.o(.text.MemManage_Handler) for MemManage_Handler
    startup_stm32g473xx.o(RESET) refers to stm32g4xx_it.o(.text.BusFault_Handler) for BusFault_Handler
    startup_stm32g473xx.o(RESET) refers to stm32g4xx_it.o(.text.UsageFault_Handler) for UsageFault_Handler
    startup_stm32g473xx.o(RESET) refers to stm32g4xx_it.o(.text.SVC_Handler) for SVC_Handler
    startup_stm32g473xx.o(RESET) refers to stm32g4xx_it.o(.text.DebugMon_Handler) for DebugMon_Handler
    startup_stm32g473xx.o(RESET) refers to stm32g4xx_it.o(.text.PendSV_Handler) for PendSV_Handler
    startup_stm32g473xx.o(RESET) refers to stm32g4xx_it.o(.text.SysTick_Handler) for SysTick_Handler
    startup_stm32g473xx.o(RESET) refers to stm32g4xx_it.o(.text.DMA1_Channel1_IRQHandler) for DMA1_Channel1_IRQHandler
    startup_stm32g473xx.o(RESET) refers to stm32g4xx_it.o(.text.ADC1_2_IRQHandler) for ADC1_2_IRQHandler
    startup_stm32g473xx.o(RESET) refers to stm32g4xx_it.o(.text.TIM2_IRQHandler) for TIM2_IRQHandler
    startup_stm32g473xx.o(RESET) refers to stm32g4xx_it.o(.text.USART3_IRQHandler) for USART3_IRQHandler
    startup_stm32g473xx.o(.text) refers to system_stm32g4xx.o(.text.SystemInit) for SystemInit
    startup_stm32g473xx.o(.text) refers to entry.o(.ARM.Collect$$$$00000000) for __main
    main.o(.text.main) refers to stm32g4xx_hal.o(.text.HAL_Init) for HAL_Init
    main.o(.text.main) refers to main.o(.text.SystemClock_Config) for SystemClock_Config
    main.o(.text.main) refers to gpio.o(.text.MX_GPIO_Init) for MX_GPIO_Init
    main.o(.text.main) refers to dma.o(.text.MX_DMA_Init) for MX_DMA_Init
    main.o(.text.main) refers to adc.o(.text.MX_ADC1_Init) for MX_ADC1_Init
    main.o(.text.main) refers to spi.o(.text.MX_SPI1_Init) for MX_SPI1_Init
    main.o(.text.main) refers to tim.o(.text.MX_TIM1_Init) for MX_TIM1_Init
    main.o(.text.main) refers to tim.o(.text.MX_TIM2_Init) for MX_TIM2_Init
    main.o(.text.main) refers to adc.o(.text.MX_ADC2_Init) for MX_ADC2_Init
    main.o(.text.main) refers to usart.o(.text.MX_USART3_UART_Init) for MX_USART3_UART_Init
    main.o(.text.main) refers to tim.o(.bss.htim1) for htim1
    main.o(.text.main) refers to stm32g4xx_hal_tim.o(.text.HAL_TIM_Base_Start) for HAL_TIM_Base_Start
    main.o(.text.main) refers to user_config.o(.text.USR_read_config) for USR_read_config
    main.o(.text.main) refers to user_config.o(.text.USR_set_default_config) for USR_set_default_config
    main.o(.text.main) refers to user_config.o(.text.USR_read_cogging_map) for USR_read_cogging_map
    main.o(.text.main) refers to user_config.o(.text.USR_set_default_cogging_map) for USR_set_default_cogging_map
    main.o(.text.main) refers to anticogging.o(.bss.AnticoggingValid) for AnticoggingValid
    main.o(.text.main) refers to fsm.o(.text.MCT_init) for MCT_init
    main.o(.text.main) refers to foc.o(.text.FOC_init) for FOC_init
    main.o(.text.main) refers to pwm.o(.text.PWMC_init) for PWMC_init
    main.o(.text.main) refers to encoder.o(.text.ENCODER_init) for ENCODER_init
    main.o(.text.main) refers to controller.o(.text.CONTROLLER_init) for CONTROLLER_init
    main.o(.text.main) refers to pwm.o(.text.PWMC_CurrentReadingPolarization) for PWMC_CurrentReadingPolarization
    main.o(.text.main) refers to fsm.o(.bss.StatuswordNew) for StatuswordNew
    main.o(.text.main) refers to fsm.o(.text.MCT_set_state) for MCT_set_state
    main.o(.ARM.exidx.text.main) refers to main.o(.text.main) for [Anonymous Symbol]
    main.o(.text.SystemClock_Config) refers to memseta.o(.text) for __aeabi_memclr4
    main.o(.text.SystemClock_Config) refers to stm32g4xx_hal_pwr_ex.o(.text.HAL_PWREx_ControlVoltageScaling) for HAL_PWREx_ControlVoltageScaling
    main.o(.text.SystemClock_Config) refers to stm32g4xx_hal_rcc.o(.text.HAL_RCC_OscConfig) for HAL_RCC_OscConfig
    main.o(.text.SystemClock_Config) refers to stm32g4xx_hal_rcc.o(.text.HAL_RCC_ClockConfig) for HAL_RCC_ClockConfig
    main.o(.text.SystemClock_Config) refers to stm32g4xx_hal_rcc_ex.o(.text.HAL_RCCEx_PeriphCLKConfig) for HAL_RCCEx_PeriphCLKConfig
    main.o(.ARM.exidx.text.SystemClock_Config) refers to main.o(.text.SystemClock_Config) for [Anonymous Symbol]
    main.o(.ARM.exidx.text.Error_Handler) refers to main.o(.text.Error_Handler) for [Anonymous Symbol]
    gpio.o(.text.MX_GPIO_Init) refers to stm32g4xx_hal_gpio.o(.text.HAL_GPIO_WritePin) for HAL_GPIO_WritePin
[...]
    [Anonymous Symbol]                       0x08003eec   Section        0  stm32g4xx_hal_tim_ex.o(.text.HAL_TIMEx_EncoderIndexCallback)
    [Anonymous Symbol]                       0x08003eee   Section        0  stm32g4xx_hal_tim_ex.o(.text.HAL_TIMEx_IndexErrorCallback)
    [Anonymous Symbol]                       0x08003ef0   Section        0  stm32g4xx_hal_tim_ex.o(.text.HAL_TIMEx_MasterConfigSynchronization)
    [Anonymous Symbol]                       0x08003fc2   Section        0  stm32g4xx_hal_tim_ex.o(.text.HAL_TIMEx_TransitionErrorCallback)
    [Anonymous Symbol]                       0x08003fc4   Section        0  stm32g4xx_hal_tim.o(.text.HAL_TIM_Base_Init)
    [Anonymous Symbol]                       0x08004024   Section        0  tim.o(.text.HAL_TIM_Base_MspInit)
    [Anonymous Symbol]                       0x0800408a   Section        0  stm32g4xx_hal_tim.o(.text.HAL_TIM_Base_Start)
    [Anonymous Symbol]                       0x08004134   Section        0  stm32g4xx_hal_tim.o(.text.HAL_TIM_ConfigClockSource)
    [Anonymous Symbol]                       0x08004326   Section        0  stm32g4xx_hal_tim.o(.text.HAL_TIM_IC_CaptureCallback)
    [Anonymous Symbol]                       0x08004328   Section        0  stm32g4xx_hal_tim.o(.text.HAL_TIM_IRQHandler)
    [Anonymous Symbol]                       0x08004528   Section        0  tim.o(.text.HAL_TIM_MspPostInit)
    [Anonymous Symbol]                       0x08004576   Section        0  stm32g4xx_hal_tim.o(.text.HAL_TIM_OC_DelayElapsedCallback)
    [Anonymous Symbol]                       0x08004578   Section        0  stm32g4xx_hal_tim.o(.text.HAL_TIM_PWM_ConfigChannel)
    [Anonymous Symbol]                       0x08004630   Section        0  stm32g4xx_hal_tim.o(.text.HAL_TIM_PWM_Init)
    [Anonymous Symbol]                       0x08004690   Section        0  stm32g4xx_hal_tim.o(.text.HAL_TIM_PWM_MspInit)
    [Anonymous Symbol]                       0x08004692   Section        0  stm32g4xx_hal_tim.o(.text.HAL_TIM_PWM_PulseFinishedCallback)
    [Anonymous Symbol]                       0x08004694   Section        0  stm32g4xx_hal_tim.o(.text.HAL_TIM_PWM_Start)
    [Anonymous Symbol]                       0x08004818   Section        0  stm32g4xx_hal_tim.o(.text.HAL_TIM_PWM_Stop)
    [Anonymous Symbol]                       0x080048d8   Section        0  stm32g4xx_hal_tim.o(.text.HAL_TIM_PeriodElapsedCallback)
    [Anonymous Symbol]                       0x080048da   Section        0  stm32g4xx_hal_tim.o(.text.HAL_TIM_TriggerCallback)
    [Anonymous Symbol]                       0x080048dc   Section        0  stm32g4xx_hal_uart_ex.o(.text.HAL_UARTEx_DisableFifoMode)
    [Anonymous Symbol]                       0x08004912   Section        0  stm32g4xx_hal_uart_ex.o(.text.HAL_UARTEx_RxFifoFullCallback)
    [Anonymous Symbol]                       0x08004914   Section        0  stm32g4xx_hal_uart_ex.o(.text.HAL_UARTEx_SetRxFifoThreshold)
    [Anonymous Symbol]                       0x0800495e   Section        0  stm32g4xx_hal_uart_ex.o(.text.HAL_UARTEx_SetTxFifoThreshold)
    [Anonymous Symbol]                       0x080049a8   Section        0  stm32g4xx_hal_uart_ex.o(.text.HAL_UARTEx_TxFifoEmptyCallback)
    [Anonymous Symbol]                       0x080049aa   Section        0  stm32g4xx_hal_uart_ex.o(.text.HAL_UARTEx_WakeupCallback)
    [Anonymous Symbol]                       0x080049ac   Section        0  stm32g4xx_hal_uart.o(.text.HAL_UART_ErrorCallback)
    [Anonymous Symbol]                       0x080049ae   Section        0  stm32g4xx_hal_uart.o(.text.HAL_UART_IRQHandler)
    [Anonymous Symbol]                       0x08004ba6   Section        0  stm32g4xx_hal_uart.o(.text.HAL_UART_Init)
    [Anonymous Symbol]                       0x08004c0a   Section        0  usart.o(.text.HAL_UART_MspInit)
    [Anonymous Symbol]                       0x08004cb8   Section        0  stm32g4xx_hal_uart.o(.text.HAL_UART_TxCpltCallback)
    [Anonymous Symbol]                       0x08004cba   Section        0  heap.o(.text.HEAP_free)
    [Anonymous Symbol]                       0x08004d00   Section        0  heap.o(.text.HEAP_malloc)
    [Anonymous Symbol]                       0x08004e50   Section        0  stm32g4xx_it.o(.text.HardFault_Handler)
    [Anonymous Symbol]                       0x08004e54   Section        0  fsm.o(.text.MCT_get_state)
    [Anonymous Symbol]                       0x08004e60   Section        0  fsm.o(.text.MCT_high_frequency_task)
    [Anonymous Symbol]                       0x08005018   Section        0  fsm.o(.text.MCT_init)
    [Anonymous Symbol]                       0x08005048   Section        0  fsm.o(.text.MCT_set_state)
    [Anonymous Symbol]                       0x08005104   Section        0  adc.o(.text.MX_ADC1_Init)
    [Anonymous Symbol]                       0x080051a8   Section        0  adc.o(.text.MX_ADC2_Init)
    [Anonymous Symbol]                       0x0800522c   Section        0  dma.o(.text.MX_DMA_Init)
    [Anonymous Symbol]                       0x08005272   Section        0  gpio.o(.text.MX_GPIO_Init)
    [Anonymous Symbol]                       0x08005304   Section        0  spi.o(.text.MX_SPI1_Init)
    [Anonymous Symbol]                       0x08005354   Section        0  tim.o(.text.MX_TIM1_Init)
    [Anonymous Symbol]                       0x0800548c   Section        0  tim.o(.text.MX_TIM2_Init)
    [Anonymous Symbol]                       0x080054fa   Section        0  usart.o(.text.MX_USART3_UART_Init)
    [Anonymous Symbol]                       0x08005574   Section        0  stm32g4xx_it.o(.text.MemManage_Handler)
    [Anonymous Symbol]                       0x08005578   Section        0  stm32g4xx_it.o(.text.NMI_Handler)
    [Anonymous Symbol]                       0x0800557c   Section        0  pwm.o(.text.PWMC_CurrentReadingPolarization)
    [Anonymous Symbol]                       0x08005684   Section        0  pwm.o(.text.PWMC_SwitchOffPWM)
    [Anonymous Symbol]                       0x080056c8   Section        0  pwm.o(.text.PWMC_TurnOnLowSides)
    [Anonymous Symbol]                       0x08005714   Section        0  pwm.o(.text.PWMC_init)
    [Anonymous Symbol]                       0x080057c2   Section        0  stm32g4xx_it.o(.text.PendSV_Handler)
    SPI_EndRxTxTransaction                   0x080057c5   Thumb Code    66  stm32g4xx_hal_spi.o(.text.SPI_EndRxTxTransaction)
    [Anonymous Symbol]                       0x080057c4   Section        0  stm32g4xx_hal_spi.o(.text.SPI_EndRxTxTransaction)
    [Anonymous Symbol]                       0x08005808   Section        0  encoder.o(.text.SPI_ReadWrite_OneByte)
    SPI_WaitFifoStateUntilTimeout            0x08005861   Thumb Code   202  stm32g4xx_hal_spi.o(.text.SPI_WaitFifoStateUntilTimeout)
    [Anonymous Symbol]                       0x08005860   Section        0  stm32g4xx_hal_spi.o(.text.SPI_WaitFifoStateUntilTimeout)
    SPI_WaitFlagStateUntilTimeout            0x0800592d   Thumb Code   174  stm32g4xx_hal_spi.o(.text.SPI_WaitFlagStateUntilTimeout)
    [Anonymous Symbol]                       0x0800592c   Section        0  stm32g4xx_hal_spi.o(.text.SPI_WaitFlagStateUntilTimeout)
    [Anonymous Symbol]                       0x080059da   Section        0  stm32g4xx_it.o(.text.SVC_Handler)
    [Anonymous Symbol]                       0x080059dc   Section        0  stm32g4xx_it.o(.text.SysTick_Handler)
    [Anonymous Symbol]                       0x080059e0   Section        0  main.o(.text.SystemClock_Config)
    [Anonymous Symbol]                       0x08005a76   Section        0  system_stm32g4xx.o(.text.SystemInit)
    [Anonymous Symbol]                       0x08005a92   Section        0  stm32g4xx_it.o(.text.TIM2_IRQHandler)
    [Anonymous Symbol]                       0x08005a9e   Section        0  stm32g4xx_hal_tim.o(.text.TIM_Base_SetConfig)
    TIM_OC1_SetConfig                        0x08005bd1   Thumb Code   130  stm32g4xx_hal_tim.o(.text.TIM_OC1_SetConfig)
    [Anonymous Symbol]                       0x08005bd0   Section        0  stm32g4xx_hal_tim.o(.text.TIM_OC1_SetConfig)
    [Anonymous Symbol]                       0x08005c52   Section        0  stm32g4xx_hal_tim.o(.text.TIM_OC2_SetConfig)
    TIM_OC3_SetConfig                        0x08005cef   Thumb Code   156  stm32g4xx_hal_tim.o(.text.TIM_OC3_SetConfig)
    [Anonymous Symbol]                       0x08005cee   Section        0  stm32g4xx_hal_tim.o(.text.TIM_OC3_SetConfig)
    TIM_OC4_SetConfig                        0x08005d8b   Thumb Code   156  stm32g4xx_hal_tim.o(.text.TIM_OC4_SetConfig)
    [Anonymous Symbol]                       0x08005d8a   Section        0  stm32g4xx_hal_tim.o(.text.TIM_OC4_SetConfig)
    TIM_OC5_SetConfig                        0x08005e27   Thumb Code    96  stm32g4xx_hal_tim.o(.text.TIM_OC5_SetConfig)
    [Anonymous Symbol]                       0x08005e26   Section        0  stm32g4xx_hal_tim.o(.text.TIM_OC5_SetConfig)
    TIM_OC6_SetConfig                        0x08005e87   Thumb Code    98  stm32g4xx_hal_tim.o(.text.TIM_OC6_SetConfig)
    [Anonymous Symbol]                       0x08005e86   Section        0  stm32g4xx_hal_tim.o(.text.TIM_OC6_SetConfig)
    [Anonymous Symbol]                       0x08005ee8   Section        0  traptraj.o(.text.TRAJ_eval)
    [Anonymous Symbol]                       0x08005ff0   Section        0  traptraj.o(.text.TRAJ_plan)
    UARTEx_SetNbDataToProcess                0x0800621d   Thumb Code    78  stm32g4xx_hal_uart_ex.o(.text.UARTEx_SetNbDataToProcess)
    [Anonymous Symbol]                       0x0800621c   Section        0  stm32g4xx_hal_uart_ex.o(.text.UARTEx_SetNbDataToProcess)
    [Anonymous Symbol]                       0x0800626a   Section        0  stm32g4xx_hal_uart.o(.text.UART_AdvFeatureConfig)
    [Anonymous Symbol]                       0x08006336   Section        0  stm32g4xx_hal_uart.o(.text.UART_CheckIdleState)
    UART_DMAAbortOnError                     0x080063a1   Thumb Code    16  stm32g4xx_hal_uart.o(.text.UART_DMAAbortOnError)
    [Anonymous Symbol]                       0x080063a0   Section        0  stm32g4xx_hal_uart.o(.text.UART_DMAAbortOnError)
    [Anonymous Symbol]                       0x080063b0   Section        0  stm32g4xx_hal_uart.o(.text.UART_SetConfig)
    [Anonymous Symbol]                       0x08006634   Section        0  stm32g4xx_hal_uart.o(.text.UART_WaitOnFlagUntilTimeout)
    [Anonymous Symbol]                       0x080066e6   Section        0  stm32g4xx_it.o(.text.USART3_IRQHandler)
    [Anonymous Symbol]                       0x080066f4   Section        0  user_config.o(.text.USR_erease_cogging_map)
    [Anonymous Symbol]                       0x08006750   Section        0  user_config.o(.text.USR_read_cogging_map)
    [Anonymous Symbol]                       0x08006798   Section        0  user_config.o(.text.USR_read_config)
    [Anonymous Symbol]                       0x080067d8   Section        0  user_config.o(.text.USR_set_default_cogging_map)
    [Anonymous Symbol]                       0x080067fc   Section        0  user_config.o(.text.USR_set_default_config)
    [Anonymous Symbol]                       0x0800689c   Section        0  stm32g4xx_it.o(.text.UsageFault_Handler)
    [Anonymous Symbol]                       0x080068a0   Section        0  util.o(.text.clarke_transform)
    [Anonymous Symbol]                       0x080068bc   Section        0  util.o(.text.cos_f32)
    [Anonymous Symbol]                       0x08006950   Section        0  util.o(.text.crc32)
    [Anonymous Symbol]                       0x0800697a   Section        0  util.o(.text.float_to_data)
    [Anonymous Symbol]                       0x08006986   Section        0  util.o(.text.inverse_park)
    [Anonymous Symbol]                       0x080069d8   Section        0  main.o(.text.main)
    [Anonymous Symbol]                       0x08006a62   Section        0  util.o(.text.park_transform)
    prvInsertBlockIntoFreeList               0x08006ab5   Thumb Code    82  heap.o(.text.prvInsertBlockIntoFreeList)
    [Anonymous Symbol]                       0x08006ab4   Section        0  heap.o(.text.prvInsertBlockIntoFreeList)
    [Anonymous Symbol]                       0x08006b08   Section        0  util.o(.text.sin_f32)
    [Anonymous Symbol]                       0x08006b94   Section        0  util.o(.text.svm)
    i.__hardfp_floorf                        0x08006db8   Section        0  floorf.o(i.__hardfp_floorf)
    i.__hardfp_nearbyintf                    0x08006e28   Section        0  nearbyintf.o(i.__hardfp_nearbyintf)
    i.__hardfp_roundf                        0x08006e60   Section        0  roundf.o(i.__hardfp_roundf)
    i.__hardfp_sqrtf                         0x08006efa   Section        0  sqrtf.o(i.__hardfp_sqrtf)
    i.__scatterload_copy                     0x08006f34   Section       14  handlers.o(i.__scatterload_copy)
    i.__scatterload_null                     0x08006f42   Section        2  handlers.o(i.__scatterload_null)
    i.__scatterload_zeroinit                 0x08006f44   Section       14  handlers.o(i.__scatterload_zeroinit)
    i.__set_errno                            0x08006f54   Section        0  errno.o(i.__set_errno)
    crc32_table                              0x08006f90   Data        1024  util.o(.rodata.crc32_table)
    [Anonymous Symbol]                       0x08006f90   Section        0  util.o(.rodata.crc32_table)
    .Lswitch.table.UART_SetConfig.5          0x08007390   Data          16  stm32g4xx_hal_uart.o(.rodata.cst16)
    .L__const.UARTEx_SetNbDataToProcess.numerator 0x080073a0   Data           8  stm32g4xx_hal_uart_ex.o(.rodata.cst8)
    .L__const.UARTEx_SetNbDataToProcess.denominator 0x080073a8   Data           8  stm32g4xx_hal_uart_ex.o(.rodata.cst8)
    sinTable_f32                             0x080073b0   Data        2052  util.o(.rodata.sinTable_f32)
    [Anonymous Symbol]                       0x080073b0   Section        0  util.o(.rodata.sinTable_f32)
    _errno                                   0x20000000   Data           4  errno.o(.data)
    .data                                    0x20000000   Section        4  errno.o(.data)
    ADC1_2_IRQHandler.flag                   0x20000030   Data           1  stm32g4xx_it.o(.bss.ADC1_2_IRQHandler.flag)
    [Anonymous Symbol]                       0x20000030   Section        0  stm32g4xx_it.o(.bss.ADC1_2_IRQHandler.flag)
    CALIBRATION_loop.loop_count              0x20000034   Data           4  calibration.o(.bss.CALIBRATION_loop.loop_count)
    [Anonymous Symbol]                       0x20000034   Section        0  calibration.o(.bss.CALIBRATION_loop.loop_count)
    CALIBRATION_loop.next_sample_time        0x20000038   Data           4  calibration.o(.bss.CALIBRATION_loop.next_sample_time)
    [Anonymous Symbol]                       0x20000038   Section        0  calibration.o(.bss.CALIBRATION_loop.next_sample_time)
    CALIBRATION_loop.phase_set               0x2000003c   Data           4  calibration.o(.bss.CALIBRATION_loop.phase_set)
    [Anonymous Symbol]                       0x2000003c   Section        0  calibration.o(.bss.CALIBRATION_loop.phase_set)
    CALIBRATION_loop.sample_count            0x20000040   Data           2  calibration.o(.bss.CALIBRATION_loop.sample_count)
    [Anonymous Symbol]                       0x20000040   Section        0  calibration.o(.bss.CALIBRATION_loop.sample_count)
    CALIBRATION_loop.start_count             0x20000044   Data           4  calibration.o(.bss.CALIBRATION_loop.start_count)
    [Anonymous Symbol]                       0x20000044   Section        0  calibration.o(.bss.CALIBRATION_loop.start_count)
    CALIBRATION_loop.voltages                0x20000048   Data           8  calibration.o(.bss.CALIBRATION_loop.voltages)
    [Anonymous Symbol]                       0x20000048   Section        0  calibration.o(.bss.CALIBRATION_loop.voltages)
    HAL_RCC_ADC12_CLK_ENABLED                0x20000118   Data           4  adc.o(.bss.HAL_RCC_ADC12_CLK_ENABLED)
    [Anonymous Symbol]                       0x20000118   Section        0  adc.o(.bss.HAL_RCC_ADC12_CLK_ENABLED)
    mCalibStep                               0x200006b0   Data           1  calibration.o(.bss.mCalibStep)
    [Anonymous Symbol]                       0x200006b0   Section        0  calibration.o(.bss.mCalibStep)
    mChargeBootCapDelay                      0x200006b2   Data           2  fsm.o(.bss.mChargeBootCapDelay)
    [Anonymous Symbol]                       0x200006b2   Section        0  fsm.o(.bss.mChargeBootCapDelay)
    mLoopCount                               0x200006b8   Data           4  anticogging.o(.bss.mLoopCount)
    [Anonymous Symbol]                       0x200006b8   Section        0  anticogging.o(.bss.mLoopCount)
    mNumber                                  0x200006bc   Data           4  anticogging.o(.bss.mNumber)
    [Anonymous Symbol]                       0x200006bc   Section        0  anticogging.o(.bss.mNumber)
    p_error_arr                              0x200006c4   Data           4  calibration.o(.bss.p_error_arr)
    [Anonymous Symbol]                       0x200006c4   Section        0  calibration.o(.bss.p_error_arr)
    pxEnd                                    0x200006cc   Data           4  heap.o(.bss.pxEnd)
    [Anonymous Symbol]                       0x200006cc   Section        0  heap.o(.bss.pxEnd)
    ucHeap                                   0x200006d0   Data       16384  heap.o(.bss.ucHeap)
    [Anonymous Symbol]                       0x200006d0   Section        0  heap.o(.bss.ucHeap)
    xBlockAllocatedBit                       0x200046d4   Data           1  heap.o(.bss.xBlockAllocatedBit)
    [Anonymous Symbol]                       0x200046d4   Section        0  heap.o(.bss.xBlockAllocatedBit)
    xFreeBytesRemaining                      0x200046d8   Data           4  heap.o(.bss.xFreeBytesRemaining)
    [Anonymous Symbol]                       0x200046d8   Section        0  heap.o(.bss.xFreeBytesRemaining)
    xMinimumEverFreeBytesRemaining           0x200046dc   Data           4  heap.o(.bss.xMinimumEverFreeBytesRemaining)
    [Anonymous Symbol]                       0x200046dc   Section        0  heap.o(.bss.xMinimumEverFreeBytesRemaining)
    xStart                                   0x200046e0   Data           8  heap.o(.bss.xStart)
    [Anonymous Symbol]                       0x200046e0   Section        0  heap.o(.bss.xStart)
    STACK                                    0x200046e8   Section     1024  startup_stm32g473xx.o(STACK)

    Global Symbols

    Symbol Name                              Value     Ov Type        Size  Object(Section)

    BuildAttributes$$THM_ISAv4$E$P$D$K$B$S$7EM$VFPi3$EXTD16$VFPS$VFMA$PE$A:L22UL41UL21$X:L11$S22US41US21$IEEE1$IW$~IW$USESV6$~STKCKD$USESV7$~SHL$OTIME$ROPI$IEEEJ$EBA8$MICROLIB$REQ8$PRES8$EABIv2 0x00000000   Number         0  anon$$obj.o ABSOLUTE
    __cpp_initialize__aeabi_                  - Undefined Weak Reference
    __cxa_finalize                            - Undefined Weak Reference
    __decompress                              - Undefined Weak Reference
    _clock_init                               - Undefined Weak Reference
    _microlib_exit                            - Undefined Weak Reference
    __Vectors_Size                           0x000001d8   Number         0  startup_stm32g473xx.o ABSOLUTE
    __Vectors                                0x08000000   Data           4  startup_stm32g473xx.o(RESET)
    __Vectors_End                            0x080001d8   Data           0  startup_stm32g473xx.o(RESET)
    __main                                   0x080001d9   Thumb Code     0  entry.o(.ARM.Collect$$$$00000000)
    _main_stk                                0x080001d9   Thumb Code     0  entry2.o(.ARM.Collect$$$$00000001)
    _main_scatterload                        0x080001dd   Thumb Code     0  entry5.o(.ARM.Collect$$$$00000004)
    __main_after_scatterload                 0x080001e1   Thumb Code     0  entry5.o(.ARM.Collect$$$$00000004)
    _main_clock                              0x080001e1   Thumb Code     0  entry7b.o(.ARM.Collect$$$$00000008)
    _main_cpp_init                           0x080001e1   Thumb Code     0  entry8b.o(.ARM.Collect$$$$0000000A)
    _main_init                               0x080001e1   Thumb Code     0  entry9a.o(.ARM.Collect$$$$0000000B)
    __rt_final_cpp                           0x080001e9   Thumb Code     0  entry10a.o(.ARM.Collect$$$$0000000D)
    __rt_final_exit                          0x080001e9   Thumb Code     0  entry11a.o(.ARM.Collect$$$$0000000F)
    Reset_Handler                            0x080001ed   Thumb Code     8  startup_stm32g473xx.o(.text)
    ADC3_IRQHandler                          0x08000207   Thumb Code     0  startup_stm32g473xx.o(.text)
    ADC4_IRQHandler                          0x08000207   Thumb Code     0  startup_stm32g473xx.o(.text)
    ADC5_IRQHandler                          0x08000207   Thumb Code     0  startup_stm32g473xx.o(.text)
    COMP1_2_3_IRQHandler                     0x08000207   Thumb Code     0  startup_stm32g473xx.o(.text)
    COMP4_5_6_IRQHandler                     0x08000207   Thumb Code     0  startup_stm32g473xx.o(.text)
    COMP7_IRQHandler                         0x08000207   Thumb Code     0  startup_stm32g473xx.o(.text)
    CORDIC_IRQHandler                        0x08000207   Thumb Code     0  startup_stm32g473xx.o(.text)
    CRS_IRQHandler                           0x08000207   Thumb Code     0  startup_stm32g473xx.o(.text)
    DMA1_Channel2_IRQHandler                 0x08000207   Thumb Code     0  startup_stm32g473xx.o(.text)
    DMA1_Channel3_IRQHandler                 0x08000207   Thumb Code     0  startup_stm32g473xx.o(.text)
    DMA1_Channel4_IRQHandler                 0x08000207   Thumb Code     0  startup_stm32g473xx.o(.text)
    DMA1_Channel5_IRQHandler                 0x08000207   Thumb Code     0  startup_stm32g473xx.o(.text)
    DMA1_Channel6_IRQHandler                 0x08000207   Thumb Code     0  startup_stm32g473xx.o(.text)
    DMA1_Channel7_IRQHandler                 0x08000207   Thumb Code     0  startup_stm32g473xx.o(.text)
    DMA1_Channel8_IRQHandler                 0x08000207   Thumb Code     0  startup_stm32g473xx.o(.text)
    DMA2_Channel1_IRQHandler                 0x08000207   Thumb Code     0  startup_stm32g473xx.o(.text)
    DMA2_Channel2_IRQHandler                 0x08000207   Thumb Code     0  startup_stm32g473xx.o(.text)
    DMA2_Channel3_IRQHandler                 0x08000207   Thumb Code     0  startup_stm32g473xx.o(.text)
    DMA2_Channel4_IRQHandler                 0x08000207   Thumb Code     0  startup_stm32g473xx.o(.text)
    DMA2_Channel5_IRQHandler                 0x08000207   Thumb Code     0  startup_stm32g473xx.o(.text)
    DMA2_Channel6_IRQHandler                 0x08000207   Thumb Code     0  startup_stm32g473xx.o(.text)
    DMA2_Channel7_IRQHandler                 0x08000207   Thumb Code     0  startup_stm32g473xx.o(.text)
    DMA2_Channel8_IRQHandler                 0x08000207   Thumb Code     0  startup_stm32g473xx.o(.text)
    DMAMUX_OVR_IRQHandler                    0x08000207   Thumb Code     0  startup_stm32g473xx.o(.text)
    EXTI0_IRQHandler                         0x08000207   Thumb Code     0  startup_stm32g473xx.o(.text)
    EXTI15_10_IRQHandler                     0x08000207   Thumb Code     0  startup_stm32g473xx.o(.text)
    EXTI1_IRQHandler                         0x08000207   Thumb Code     0  startup_stm32g473xx.o(.text)
    EXTI2_IRQHandler                         0x08000207   Thumb Code     0  startup_stm32g473xx.o(.text)
    EXTI3_IRQHandler                         0x08000207   Thumb Code     0  startup_stm32g473xx.o(.text)
    EXTI4_IRQHandler                         0x08000207   Thumb Code     0  startup_stm32g473xx.o(.text)
    EXTI9_5_IRQHandler                       0x08000207   Thumb Code     0  startup_stm32g473xx.o(.text)
    FDCAN1_IT0_IRQHandler                    0x08000207   Thumb Code     0  startup_stm32g473xx.o(.text)
    FDCAN1_IT1_IRQHandler                    0x08000207   Thumb Code     0  startup_stm32g473xx.o(.text)
    FDCAN2_IT0_IRQHandler                    0x08000207   Thumb Code     0  startup_stm32g473xx.o(.text)
    FDCAN2_IT1_IRQHandler                    0x08000207   Thumb Code     0  startup_stm32g473xx.o(.text)
    FDCAN3_IT0_IRQHandler                    0x08000207   Thumb Code     0  startup_stm32g473xx.o(.text)
    FDCAN3_IT1_IRQHandler                    0x08000207   Thumb Code     0  startup_stm32g473xx.o(.text)
    FLASH_IRQHandler                         0x08000207   Thumb Code     0  startup_stm32g473xx.o(.text)
    FMAC_IRQHandler                          0x08000207   Thumb Code     0  startup_stm32g473xx.o(.text)
    FMC_IRQHandler                           0x08000207   Thumb Code     0  startup_stm32g473xx.o(.text)
    FPU_IRQHandler                           0x08000207   Thumb Code     0  startup_stm32g473xx.o(.text)
    I2C1_ER_IRQHandler                       0x08000207   Thumb Code     0  startup_stm32g473xx.o(.text)
    I2C1_EV_IRQHandler                       0x08000207   Thumb Code     0  startup_stm32g473xx.o(.text)
    I2C2_ER_IRQHandler                       0x08000207   Thumb Code     0  startup_stm32g473xx.o(.text)
    I2C2_EV_IRQHandler                       0x08000207   Thumb Code     0  startup_stm32g473xx.o(.text)
    I2C3_ER_IRQHandler                       0x08000207   Thumb Code     0  startup_stm32g473xx.o(.text)
    I2C3_EV_IRQHandler                       0x08000207   Thumb Code     0  startup_stm32g473xx.o(.text)
    I2C4_ER_IRQHandler                       0x08000207   Thumb Code     0  startup_stm32g473xx.o(.text)
    I2C4_EV_IRQHandler                       0x08000207   Thumb Code     0  startup_stm32g473xx.o(.text)
    LPTIM1_IRQHandler                        0x08000207   Thumb Code     0  startup_stm32g473xx.o(.text)
    LPUART1_IRQHandler                       0x08000207   Thumb Code     0  startup_stm32g473xx.o(.text)
    PVD_PVM_IRQHandler                       0x08000207   Thumb Code     0  startup_stm32g473xx.o(.text)
    QUADSPI_IRQHandler                       0x08000207   Thumb Code     0  startup_stm32g473xx.o(.text)
    RCC_IRQHandler                           0x08000207   Thumb Code     0  startup_stm32g473xx.o(.text)
    RNG_IRQHandler                           0x08000207   Thumb Code     0  startup_stm32g473xx.o(.text)
    RTC_Alarm_IRQHandler                     0x08000207   Thumb Code     0  startup_stm32g473xx.o(.text)
    RTC_TAMP_LSECSS_IRQHandler               0x08000207   Thumb Code     0  startup_stm32g473xx.o(.text)
    RTC_WKUP_IRQHandler                      0x08000207   Thumb Code     0  startup_stm32g473xx.o(.text)
    SAI1_IRQHandler                          0x08000207   Thumb Code     0  startup_stm32g473xx.o(.text)
    SPI1_IRQHandler                          0x08000207   Thumb Code     0  startup_stm32g473xx.o(.text)
    SPI2_IRQHandler                          0x08000207   Thumb Code     0  startup_stm32g473xx.o(.text)
    SPI3_IRQHandler                          0x08000207   Thumb Code     0  startup_stm32g473xx.o(.text)
    SPI4_IRQHandler                          0x08000207   Thumb Code     0  startup_stm32g473xx.o(.text)
    TIM1_BRK_TIM15_IRQHandler                0x08000207   Thumb Code     0  startup_stm32g473xx.o(.text)
    TIM1_CC_IRQHandler                       0x08000207   Thumb Code     0  startup_stm32g473xx.o(.text)
    TIM1_TRG_COM_TIM17_IRQHandler            0x08000207   Thumb Code     0  startup_stm32g473xx.o(.text)
    TIM1_UP_TIM16_IRQHandler                 0x08000207   Thumb Code     0  startup_stm32g473xx.o(.text)
    TIM20_BRK_IRQHandler                     0x08000207   Thumb Code     0  startup_stm32g473xx.o(.text)
    TIM20_CC_IRQHandler                      0x08000207   Thumb Code     0  startup_stm32g473xx.o(.text)
    TIM20_TRG_COM_IRQHandler                 0x08000207   Thumb Code     0  startup_stm32g473xx.o(.text)
    TIM20_UP_IRQHandler                      0x08000207   Thumb Code     0  startup_stm32g473xx.o(.text)
    TIM3_IRQHandler                          0x08000207   Thumb Code     0  startup_stm32g473xx.o(.text)
    TIM4_IRQHandler                          0x08000207   Thumb Code     0  startup_stm32g473xx.o(.text)
    TIM5_IRQHandler                          0x08000207   Thumb Code     0  startup_stm32g473xx.o(.text)
    TIM6_DAC_IRQHandler                      0x08000207   Thumb Code     0  startup_stm32g473xx.o(.text)
    TIM7_DAC_IRQHandler                      0x08000207   Thumb Code     0  startup_stm32g473xx.o(.text)
    TIM8_BRK_IRQHandler                      0x08000207   Thumb Code     0  startup_stm32g473xx.o(.text)
    TIM8_CC_IRQHandler                       0x08000207   Thumb Code     0  startup_stm32g473xx.o(.text)
    TIM8_TRG_COM_IRQHandler                  0x08000207   Thumb Code     0  startup_stm32g473xx.o(.text)
    TIM8_UP_IRQHandler                       0x08000207   Thumb Code     0  startup_stm32g473xx.o(.text)
    UART4_IRQHandler                         0x08000207   Thumb Code     0  startup_stm32g473xx.o(.text)
    UART5_IRQHandler                         0x08000207   Thumb Code     0  startup_stm32g473xx.o(.text)
    UCPD1_IRQHandler                         0x08000207   Thumb Code     0  startup_stm32g473xx.o(.text)
    USART1_IRQHandler                        0x08000207   Thumb Code     0  startup_stm32g473xx.o(.text)
    USART2_IRQHandler                        0x08000207   Thumb Code     0  startup_stm32g473xx.o(.text)
    USBWakeUp_IRQHandler                     0x08000207   Thumb Code     0  startup_stm32g473xx.o(.text)
    USB_HP_IRQHandler                        0x08000207   Thumb Code     0  startup_stm32g473xx.o(.text)
    USB_LP_IRQHandler                        0x08000207   Thumb Code     0  startup_stm32g473xx.o(.text)
    WWDG_IRQHandler                          0x08000207   Thumb Code     0  startup_stm32g473xx.o(.text)
    __aeabi_uldivmod                         0x08000211   Thumb Code    98  uldiv.o(.text)
    __aeabi_ldivmod                          0x08000273   Thumb Code    98  ldiv.o(.text)
    __aeabi_memcpy                           0x080002d5   Thumb Code    36  memcpya.o(.text)
    __aeabi_memcpy4                          0x080002d5   Thumb Code     0  memcpya.o(.text)
    __aeabi_memcpy8                          0x080002d5   Thumb Code     0  memcpya.o(.text)
    __aeabi_memset                           0x080002f9   Thumb Code    14  memseta.o(.text)
    __aeabi_memset4                          0x080002f9   Thumb Code     0  memseta.o(.text)
    __aeabi_memset8                          0x080002f9   Thumb Code     0  memseta.o(.text)
    __aeabi_memclr                           0x08000307   Thumb Code     4  memseta.o(.text)
    __aeabi_memclr4                          0x08000307   Thumb Code     0  memseta.o(.text)
    __aeabi_memclr8                          0x08000307   Thumb Code     0  memseta.o(.text)
    _memset$wrapper                          0x0800030b   Thumb Code    18  memseta.o(.text)
    __aeabi_dcmpgt                           0x0800031d   Thumb Code    54  dcmpgt.o(.text)
    __aeabi_l2f                              0x08000353   Thumb Code    44  ffltl.o(.text)
    __aeabi_f2d                              0x0800037f   Thumb Code    38  f2d.o(.text)
    __aeabi_d2f                              0x080003a5   Thumb Code    56  d2f.o(.text)
    __aeabi_llsl                             0x080003dd   Thumb Code    30  llshl.o(.text)
    _ll_shift_l                              0x080003dd   Thumb Code     0  llshl.o(.text)
    __aeabi_llsr                             0x080003fb   Thumb Code    32  llushr.o(.text)
    _ll_ushift_r                             0x080003fb   Thumb Code     0  llushr.o(.text)
    __I$use$fp                               0x0800041b   Thumb Code     0  iusefp.o(.text)
    _float_round                             0x0800041b   Thumb Code    18  fepilogue.o(.text)
    _float_epilogue                          0x0800042d   Thumb Code    92  fepilogue.o(.text)
    _frnd                                    0x08000489   Thumb Code    60  frnd.o(.text)
    __fp_status                              0x080004c5   Thumb Code     4  fpstat.o(.text)
    __ieee_status                            0x080004c5   Thumb Code     0  fpstat.o(.text)
    __scatterload                            0x080004c9   Thumb Code    28  init.o(.text)
    __scatterload_rt2                        0x080004c9   Thumb Code     0  init.o(.text)
    ADC1_2_IRQHandler                        0x080004ed   Thumb Code    56  stm32g4xx_it.o(.text.ADC1_2_IRQHandler)
    ADC_Enable                               0x08000525   Thumb Code   106  stm32g4xx_hal_adc.o(.text.ADC_Enable)
    ANTICOGGING_end                          0x08000591   Thumb Code    30  anticogging.o(.text.ANTICOGGING_end)
    ANTICOGGING_loop                         0x080005b1   Thumb Code   464  anticogging.o(.text.ANTICOGGING_loop)
    ANTICOGGING_start                        0x08000781   Thumb Code    36  anticogging.o(.text.ANTICOGGING_start)
    AS5047_read                              0x080007a5   Thumb Code    96  encoder.o(.text.AS5047_read)
    BusFault_Handler                         0x08000805   Thumb Code     2  stm32g4xx_it.o(.text.BusFault_Handler)
    CALIBRATION_end                          0x08000807   Thumb Code    64  calibration.o(.text.CALIBRATION_end)
    CALIBRATION_loop                         0x08000849   Thumb Code  1620  calibration.o(.text.CALIBRATION_loop)
    CALIBRATION_start                        0x08000e9d   Thumb Code    82  calibration.o(.text.CALIBRATION_start)
    CONTROLLER_init                          0x08000ef1   Thumb Code    64  controller.o(.text.CONTROLLER_init)
    CONTROLLER_loop                          0x08000f31   Thumb Code   976  controller.o(.text.CONTROLLER_loop)
    CONTROLLER_reset                         0x08001301   Thumb Code   132  controller.o(.text.CONTROLLER_reset)
    DMA1_Channel1_IRQHandler                 0x08001385   Thumb Code    12  stm32g4xx_it.o(.text.DMA1_Channel1_IRQHandler)
    DebugMon_Handler                         0x08001391   Thumb Code     2  stm32g4xx_it.o(.text.DebugMon_Handler)
    ENCODER_init                             0x08001393   Thumb Code    52  encoder.o(.text.ENCODER_init)
    ENCODER_loop                             0x080013c9   Thumb Code   640  encoder.o(.text.ENCODER_loop)
    Error_Handler                            0x08001649   Thumb Code    10  main.o(.text.Error_Handler)
    FLASH_FlushCaches                        0x08001653   Thumb Code    88  stm32g4xx_hal_flash_ex.o(.text.FLASH_FlushCaches)
    FLASH_PageErase                          0x080016e3   Thumb Code    70  stm32g4xx_hal_flash_ex.o(.text.FLASH_PageErase)
    FLASH_WaitForLastOperation               0x08001729   Thumb Code    86  stm32g4xx_hal_flash.o(.text.FLASH_WaitForLastOperation)
    FOC_arm                                  0x0800177f   Thumb Code    50  foc.o(.text.FOC_arm)
    FOC_current                              0x080017b1   Thumb Code   572  foc.o(.text.FOC_current)
    FOC_disarm                               0x080019ed   Thumb Code    42  foc.o(.text.FOC_disarm)
    FOC_init                                 0x08001a19   Thumb Code   100  foc.o(.text.FOC_init)
    FOC_update_current_ctrl_gain             0x08001a7d   Thumb Code    76  foc.o(.text.FOC_update_current_ctrl_gain)
    FOC_voltage                              0x08001ac9   Thumb Code   272  foc.o(.text.FOC_voltage)
    HAL_ADCEx_EndOfSamplingCallback          0x08001bd9   Thumb Code     2  stm32g4xx_hal_adc_ex.o(.text.HAL_ADCEx_EndOfSamplingCallback)
    HAL_ADCEx_InjectedConvCpltCallback       0x08001bdb   Thumb Code     2  stm32g4xx_hal_adc_ex.o(.text.HAL_ADCEx_InjectedConvCpltCallback)
    HAL_ADCEx_InjectedQueueOverflowCallback  0x08001bdd   Thumb Code     2  stm32g4xx_hal_adc_ex.o(.text.HAL_ADCEx_InjectedQueueOverflowCallback)
    HAL_ADCEx_LevelOutOfWindow2Callback      0x08001bdf   Thumb Code     2  stm32g4xx_hal_adc_ex.o(.text.HAL_ADCEx_LevelOutOfWindow2Callback)
    HAL_ADCEx_LevelOutOfWindow3Callback      0x08001be1   Thumb Code     2  stm32g4xx_hal_adc_ex.o(.text.HAL_ADCEx_LevelOutOfWindow3Callback)
    HAL_ADCEx_MultiModeConfigChannel         0x08001be3   Thumb Code   274  stm32g4xx_hal_adc_ex.o(.text.HAL_ADCEx_MultiModeConfigChannel)
    HAL_ADC_ConfigChannel                    0x08001cf5   Thumb Code   880  stm32g4xx_hal_adc.o(.text.HAL_ADC_ConfigChannel)
    HAL_ADC_ConvCpltCallback                 0x08002065   Thumb Code     2  stm32g4xx_hal_adc.o(.text.HAL_ADC_ConvCpltCallback)
    HAL_ADC_ErrorCallback                    0x08002067   Thumb Code     2  stm32g4xx_hal_adc.o(.text.HAL_ADC_ErrorCallback)
    HAL_ADC_GetValue                         0x08002069   Thumb Code     6  stm32g4xx_hal_adc.o(.text.HAL_ADC_GetValue)
    HAL_ADC_IRQHandler                       0x0800206f   Thumb Code   806  stm32g4xx_hal_adc.o(.text.HAL_ADC_IRQHandler)
    HAL_ADC_Init                             0x08002395   Thumb Code   566  stm32g4xx_hal_adc.o(.text.HAL_ADC_Init)
    HAL_ADC_LevelOutOfWindowCallback         0x080025cb   Thumb Code     2  stm32g4xx_hal_adc.o(.text.HAL_ADC_LevelOutOfWindowCallback)
    HAL_ADC_MspInit                          0x080025cd   Thumb Code   200  adc.o(.text.HAL_ADC_MspInit)
    HAL_ADC_Start_IT                         0x08002695   Thumb Code   416  stm32g4xx_hal_adc.o(.text.HAL_ADC_Start_IT)
    HAL_DMA_Abort_IT                         0x08002835   Thumb Code   120  stm32g4xx_hal_dma.o(.text.HAL_DMA_Abort_IT)
    HAL_DMA_IRQHandler                       0x080028ad   Thumb Code   154  stm32g4xx_hal_dma.o(.text.HAL_DMA_IRQHandler)
    HAL_DMA_Init                             0x08002947   Thumb Code   294  stm32g4xx_hal_dma.o(.text.HAL_DMA_Init)
    HAL_Delay                                0x08002a6d   Thumb Code    40  stm32g4xx_hal.o(.text.HAL_Delay)
    HAL_FLASHEx_Erase                        0x08002a95   Thumb Code   232  stm32g4xx_hal_flash_ex.o(.text.HAL_FLASHEx_Erase)
    HAL_FLASH_Lock                           0x08002b7d   Thumb Code    24  stm32g4xx_hal_flash.o(.text.HAL_FLASH_Lock)
    HAL_FLASH_Unlock                         0x08002b95   Thumb Code    46  stm32g4xx_hal_flash.o(.text.HAL_FLASH_Unlock)
    HAL_GPIO_Init                            0x08002bc5   Thumb Code   448  stm32g4xx_hal_gpio.o(.text.HAL_GPIO_Init)
    HAL_GPIO_WritePin                        0x08002d85   Thumb Code    12  stm32g4xx_hal_gpio.o(.text.HAL_GPIO_WritePin)
    HAL_GetTick                              0x08002d91   Thumb Code    12  stm32g4xx_hal.o(.text.HAL_GetTick)
    HAL_IncTick                              0x08002d9d   Thumb Code    26  stm32g4xx_hal.o(.text.HAL_IncTick)
    HAL_Init                                 0x08002db7   Thumb Code    28  stm32g4xx_hal.o(.text.HAL_Init)
    HAL_InitTick                             0x08002dd3   Thumb Code    84  stm32g4xx_hal.o(.text.HAL_InitTick)
    HAL_MspInit                              0x08002e27   Thumb Code    68  stm32g4xx_hal_msp.o(.text.HAL_MspInit)
    HAL_NVIC_EnableIRQ                       0x08002e6b   Thumb Code    36  stm32g4xx_hal_cortex.o(.text.HAL_NVIC_EnableIRQ)
    HAL_NVIC_SetPriority                     0x08002e8f   Thumb Code    86  stm32g4xx_hal_cortex.o(.text.HAL_NVIC_SetPriority)
    HAL_NVIC_SetPriorityGrouping             0x08002ee5   Thumb Code    32  stm32g4xx_hal_cortex.o(.text.HAL_NVIC_SetPriorityGrouping)
    HAL_PWREx_ControlVoltageScaling          0x08002f05   Thumb Code   246  stm32g4xx_hal_pwr_ex.o(.text.HAL_PWREx_ControlVoltageScaling)
    HAL_PWREx_DisableUCPDDeadBattery         0x08002ffb   Thumb Code    18  stm32g4xx_hal_pwr_ex.o(.text.HAL_PWREx_DisableUCPDDeadBattery)
    HAL_RCCEx_PeriphCLKConfig                0x0800300d   Thumb Code   650  stm32g4xx_hal_rcc_ex.o(.text.HAL_RCCEx_PeriphCLKConfig)
    HAL_RCC_ClockConfig                      0x08003299   Thumb Code   554  stm32g4xx_hal_rcc.o(.text.HAL_RCC_ClockConfig)
    HAL_RCC_GetPCLK1Freq                     0x080034c3   Thumb Code    42  stm32g4xx_hal_rcc.o(.text.HAL_RCC_GetPCLK1Freq)
    HAL_RCC_GetPCLK2Freq                     0x080034ed   Thumb Code    42  stm32g4xx_hal_rcc.o(.text.HAL_RCC_GetPCLK2Freq)
    HAL_RCC_GetSysClockFreq                  0x08003517   Thumb Code   120  stm32g4xx_hal_rcc.o(.text.HAL_RCC_GetSysClockFreq)
    HAL_RCC_OscConfig                        0x08003591   Thumb Code  1170  stm32g4xx_hal_rcc.o(.text.HAL_RCC_OscConfig)
    HAL_SPI_Init                             0x08003a23   Thumb Code   224  stm32g4xx_hal_spi.o(.text.HAL_SPI_Init)
    HAL_SPI_MspInit                          0x08003b03   Thumb Code    94  spi.o(.text.HAL_SPI_MspInit)
    HAL_SPI_TransmitReceive                  0x08003b61   Thumb Code   588  stm32g4xx_hal_spi.o(.text.HAL_SPI_TransmitReceive)
    HAL_SYSCFG_DisableVREFBUF                0x08003dad   Thumb Code    16  stm32g4xx_hal.o(.text.HAL_SYSCFG_DisableVREFBUF)
    HAL_SYSCFG_VREFBUF_HighImpedanceConfig   0x08003dbd   Thumb Code    18  stm32g4xx_hal.o(.text.HAL_SYSCFG_VREFBUF_HighImpedanceConfig)
    HAL_SYSTICK_Config                       0x08003dcf   Thumb Code    44  stm32g4xx_hal_cortex.o(.text.HAL_SYSTICK_Config)
    HAL_TIMEx_Break2Callback                 0x08003dfb   Thumb Code     2  stm32g4xx_hal_tim_ex.o(.text.HAL_TIMEx_Break2Callback)
    HAL_TIMEx_BreakCallback                  0x08003dfd   Thumb Code     2  stm32g4xx_hal_tim_ex.o(.text.HAL_TIMEx_BreakCallback)
    HAL_TIMEx_CommutCallback                 0x08003dff   Thumb Code     2  stm32g4xx_hal_tim_ex.o(.text.HAL_TIMEx_CommutCallback)
    HAL_TIMEx_ConfigBreakDeadTime            0x08003e01   Thumb Code   234  stm32g4xx_hal_tim_ex.o(.text.HAL_TIMEx_ConfigBreakDeadTime)
    HAL_TIMEx_DirectionChangeCallback        0x08003eeb   Thumb Code     2  stm32g4xx_hal_tim_ex.o(.text.HAL_TIMEx_DirectionChangeCallback)
    HAL_TIMEx_EncoderIndexCallback           0x08003eed   Thumb Code     2  stm32g4xx_hal_tim_ex.o(.text.HAL_TIMEx_EncoderIndexCallback)
    HAL_TIMEx_IndexErrorCallback             0x08003eef   Thumb Code     2  stm32g4xx_hal_tim_ex.o(.text.HAL_TIMEx_IndexErrorCallback)
    HAL_TIMEx_MasterConfigSynchronization    0x08003ef1   Thumb Code   210  stm32g4xx_hal_tim_ex.o(.text.HAL_TIMEx_MasterConfigSynchronization)
    HAL_TIMEx_TransitionErrorCallback        0x08003fc3   Thumb Code     2  stm32g4xx_hal_tim_ex.o(.text.HAL_TIMEx_TransitionErrorCallback)
    HAL_TIM_Base_Init                        0x08003fc5   Thumb Code    96  stm32g4xx_hal_tim.o(.text.HAL_TIM_Base_Init)
    HAL_TIM_Base_MspInit                     0x08004025   Thumb Code   102  tim.o(.text.HAL_TIM_Base_MspInit)
    HAL_TIM_Base_Start                       0x0800408b   Thumb Code   170  stm32g4xx_hal_tim.o(.text.HAL_TIM_Base_Start)
    HAL_TIM_ConfigClockSource                0x08004135   Thumb Code   498  stm32g4xx_hal_tim.o(.text.HAL_TIM_ConfigClockSource)
    HAL_TIM_IC_CaptureCallback               0x08004327   Thumb Code     2  stm32g4xx_hal_tim.o(.text.HAL_TIM_IC_CaptureCallback)
    HAL_TIM_IRQHandler                       0x08004329   Thumb Code   512  stm32g4xx_hal_tim.o(.text.HAL_TIM_IRQHandler)
    HAL_TIM_MspPostInit                      0x08004529   Thumb Code    78  tim.o(.text.HAL_TIM_MspPostInit)
    HAL_TIM_OC_DelayElapsedCallback          0x08004577   Thumb Code     2  stm32g4xx_hal_tim.o(.text.HAL_TIM_OC_DelayElapsedCallback)
    HAL_TIM_PWM_ConfigChannel                0x08004579   Thumb Code   184  stm32g4xx_hal_tim.o(.text.HAL_TIM_PWM_ConfigChannel)
    HAL_TIM_PWM_Init                         0x08004631   Thumb Code    96  stm32g4xx_hal_tim.o(.text.HAL_TIM_PWM_Init)
    HAL_TIM_PWM_MspInit                      0x08004691   Thumb Code     2  stm32g4xx_hal_tim.o(.text.HAL_TIM_PWM_MspInit)
    HAL_TIM_PWM_PulseFinishedCallback        0x08004693   Thumb Code     2  stm32g4xx_hal_tim.o(.text.HAL_TIM_PWM_PulseFinishedCallback)
    HAL_TIM_PWM_Start                        0x08004695   Thumb Code   388  stm32g4xx_hal_tim.o(.text.HAL_TIM_PWM_Start)
    HAL_TIM_PWM_Stop                         0x08004819   Thumb Code   192  stm32g4xx_hal_tim.o(.text.HAL_TIM_PWM_Stop)
    HAL_TIM_PeriodElapsedCallback            0x080048d9   Thumb Code     2  stm32g4xx_hal_tim.o(.text.HAL_TIM_PeriodElapsedCallback)
    HAL_TIM_TriggerCallback                  0x080048db   Thumb Code     2  stm32g4xx_hal_tim.o(.text.HAL_TIM_TriggerCallback)
    HAL_UARTEx_DisableFifoMode               0x080048dd   Thumb Code    54  stm32g4xx_hal_uart_ex.o(.text.HAL_UARTEx_DisableFifoMode)
    HAL_UARTEx_RxFifoFullCallback            0x08004913   Thumb Code     2  stm32g4xx_hal_uart_ex.o(.text.HAL_UARTEx_RxFifoFullCallback)
    HAL_UARTEx_SetRxFifoThreshold            0x08004915   Thumb Code    74  stm32g4xx_hal_uart_ex.o(.text.HAL_UARTEx_SetRxFifoThreshold)
    HAL_UARTEx_SetTxFifoThreshold            0x0800495f   Thumb Code    74  stm32g4xx_hal_uart_ex.o(.text.HAL_UARTEx_SetTxFifoThreshold)
    HAL_UARTEx_TxFifoEmptyCallback           0x080049a9   Thumb Code     2  stm32g4xx_hal_uart_ex.o(.text.HAL_UARTEx_TxFifoEmptyCallback)
    HAL_UARTEx_WakeupCallback                0x080049ab   Thumb Code     2  stm32g4xx_hal_uart_ex.o(.text.HAL_UARTEx_WakeupCallback)
    HAL_UART_ErrorCallback                   0x080049ad   Thumb Code     2  stm32g4xx_hal_uart.o(.text.HAL_UART_ErrorCallback)
    HAL_UART_IRQHandler                      0x080049af   Thumb Code   504  stm32g4xx_hal_uart.o(.text.HAL_UART_IRQHandler)
    HAL_UART_Init                            0x08004ba7   Thumb Code   100  stm32g4xx_hal_uart.o(.text.HAL_UART_Init)
    HAL_UART_MspInit                         0x08004c0b   Thumb Code   174  usart.o(.text.HAL_UART_MspInit)
    HAL_UART_TxCpltCallback                  0x08004cb9   Thumb Code     2  stm32g4xx_hal_uart.o(.text.HAL_UART_TxCpltCallback)
    HEAP_free                                0x08004cbb   Thumb Code    68  heap.o(.text.HEAP_free)
    HEAP_malloc                              0x08004d01   Thumb Code   334  heap.o(.text.HEAP_malloc)
    HardFault_Handler                        0x08004e51   Thumb Code     2  stm32g4xx_it.o(.text.HardFault_Handler)
    MCT_get_state                            0x08004e55   Thumb Code    12  fsm.o(.text.MCT_get_state)
    MCT_high_frequency_task                  0x08004e61   Thumb Code   440  fsm.o(.text.MCT_high_frequency_task)
    MCT_init                                 0x08005019   Thumb Code    46  fsm.o(.text.MCT_init)
    MCT_set_state                            0x08005049   Thumb Code   188  fsm.o(.text.MCT_set_state)
    MX_ADC1_Init                             0x08005105   Thumb Code   164  adc.o(.text.MX_ADC1_Init)
    MX_ADC2_Init                             0x080051a9   Thumb Code   132  adc.o(.text.MX_ADC2_Init)
    MX_DMA_Init                              0x0800522d   Thumb Code    70  dma.o(.text.MX_DMA_Init)
    MX_GPIO_Init                             0x08005273   Thumb Code   146  gpio.o(.text.MX_GPIO_Init)
    MX_SPI1_Init                             0x08005305   Thumb Code    80  spi.o(.text.MX_SPI1_Init)
    MX_TIM1_Init                             0x08005355   Thumb Code   312  tim.o(.text.MX_TIM1_Init)
    MX_TIM2_Init                             0x0800548d   Thumb Code   110  tim.o(.text.MX_TIM2_Init)
    MX_USART3_UART_Init                      0x080054fb   Thumb Code   122  usart.o(.text.MX_USART3_UART_Init)
    MemManage_Handler                        0x08005575   Thumb Code     2  stm32g4xx_it.o(.text.MemManage_Handler)
    NMI_Handler                              0x08005579   Thumb Code     2  stm32g4xx_it.o(.text.NMI_Handler)
    PWMC_CurrentReadingPolarization          0x0800557d   Thumb Code   264  pwm.o(.text.PWMC_CurrentReadingPolarization)
    PWMC_SwitchOffPWM                        0x08005685   Thumb Code    66  pwm.o(.text.PWMC_SwitchOffPWM)
    PWMC_TurnOnLowSides                      0x080056c9   Thumb Code    76  pwm.o(.text.PWMC_TurnOnLowSides)
    PWMC_init                                0x08005715   Thumb Code   174  pwm.o(.text.PWMC_init)
    PendSV_Handler                           0x080057c3   Thumb Code     2  stm32g4xx_it.o(.text.PendSV_Handler)
    SPI_ReadWrite_OneByte                    0x08005809   Thumb Code    88  encoder.o(.text.SPI_ReadWrite_OneByte)
    SVC_Handler                              0x080059db   Thumb Code     2  stm32g4xx_it.o(.text.SVC_Handler)
    SysTick_Handler                          0x080059dd   Thumb Code     4  stm32g4xx_it.o(.text.SysTick_Handler)
    SystemClock_Config                       0x080059e1   Thumb Code   150  main.o(.text.SystemClock_Config)
    SystemInit                               0x08005a77   Thumb Code    28  system_stm32g4xx.o(.text.SystemInit)
    TIM2_IRQHandler                          0x08005a93   Thumb Code    12  stm32g4xx_it.o(.text.TIM2_IRQHandler)
    TIM_Base_SetConfig                       0x08005a9f   Thumb Code   306  stm32g4xx_hal_tim.o(.text.TIM_Base_SetConfig)
    TIM_OC2_SetConfig                        0x08005c53   Thumb Code   156  stm32g4xx_hal_tim.o(.text.TIM_OC2_SetConfig)
    TRAJ_eval                                0x08005ee9   Thumb Code   264  traptraj.o(.text.TRAJ_eval)
    TRAJ_plan                                0x08005ff1   Thumb Code   556  traptraj.o(.text.TRAJ_plan)
    UART_AdvFeatureConfig                    0x0800626b   Thumb Code   204  stm32g4xx_hal_uart.o(.text.UART_AdvFeatureConfig)
    UART_CheckIdleState                      0x08006337   Thumb Code   106  stm32g4xx_hal_uart.o(.text.UART_CheckIdleState)
    UART_SetConfig                           0x080063b1   Thumb Code   628  stm32g4xx_hal_uart.o(.text.UART_SetConfig)
    UART_WaitOnFlagUntilTimeout              0x08006635   Thumb Code   178  stm32g4xx_hal_uart.o(.text.UART_WaitOnFlagUntilTimeout)
    USART3_IRQHandler                        0x080066e7   Thumb Code    12  stm32g4xx_it.o(.text.USART3_IRQHandler)
    USR_erease_cogging_map                   0x080066f5   Thumb Code    90  user_config.o(.text.USR_erease_cogging_map)
    USR_read_cogging_map                     0x08006751   Thumb Code    72  user_config.o(.text.USR_read_cogging_map)
    USR_read_config                          0x08006799   Thumb Code    64  user_config.o(.text.USR_read_config)
    USR_set_default_cogging_map              0x080067d9   Thumb Code    36  user_config.o(.text.USR_set_default_cogging_map)
    USR_set_default_config                   0x080067fd   Thumb Code   160  user_config.o(.text.USR_set_default_config)
    UsageFault_Handler                       0x0800689d   Thumb Code     2  stm32g4xx_it.o(.text.UsageFault_Handler)
    clarke_transform                         0x080068a1   Thumb Code    28  util.o(.text.clarke_transform)
    cos_f32                                  0x080068bd   Thumb Code   148  util.o(.text.cos_f32)
    crc32                                    0x08006951   Thumb Code    42  util.o(.text.crc32)
    float_to_data                            0x0800697b   Thumb Code    12  util.o(.text.float_to_data)
    inverse_park                             0x08006987   Thumb Code    80  util.o(.text.inverse_park)
    main                                     0x080069d9   Thumb Code   138  main.o(.text.main)
    park_transform                           0x08006a63   Thumb Code    80  util.o(.text.park_transform)
    sin_f32                                  0x08006b09   Thumb Code   140  util.o(.text.sin_f32)
    svm                                      0x08006b95   Thumb Code   548  util.o(.text.svm)
    __hardfp_floorf                          0x08006db9   Thumb Code    98  floorf.o(i.__hardfp_floorf)
    __hardfp_nearbyintf                      0x08006e29   Thumb Code    56  nearbyintf.o(i.__hardfp_nearbyintf)
    __hardfp_roundf                          0x08006e61   Thumb Code   154  roundf.o(i.__hardfp_roundf)
    __hardfp_sqrtf                           0x08006efb   Thumb Code    58  sqrtf.o(i.__hardfp_sqrtf)
    __scatterload_copy                       0x08006f35   Thumb Code    14  handlers.o(i.__scatterload_copy)
    __scatterload_null                       0x08006f43   Thumb Code     2  handlers.o(i.__scatterload_null)
    __scatterload_zeroinit                   0x08006f45   Thumb Code    14  handlers.o(i.__scatterload_zeroinit)
    __set_errno                              0x08006f55   Thumb Code     6  errno.o(i.__set_errno)
    AHBPrescTable                            0x08006f60   Data          16  system_stm32g4xx.o(.rodata.AHBPrescTable)
    APBPrescTable                            0x08006f70   Data           8  system_stm32g4xx.o(.rodata.APBPrescTable)
    UARTPrescTable                           0x08006f78   Data          24  stm32g4xx_hal_uart.o(.rodata.UARTPrescTable)
    Region$$Table$$Base                      0x08007bb4   Number         0  anon$$obj.o(Region$$Table)
    Region$$Table$$Limit                     0x08007bd4   Number         0  anon$$obj.o(Region$$Table)
    SystemCoreClock                          0x20000004   Data           4  system_stm32g4xx.o(.data.SystemCoreClock)
    pFlash                                   0x20000008   Data          32  stm32g4xx_hal_flash.o(.data.pFlash)
    uwTickFreq                               0x20000028   Data           4  stm32g4xx_hal.o(.data.uwTickFreq)
    uwTickPrio                               0x2000002c   Data           4  stm32g4xx_hal.o(.data.uwTickPrio)
    AnticoggingValid                         0x20000031   Data           1  anticogging.o(.bss.AnticoggingValid)
    Controller                               0x20000050   Data          56  controller.o(.bss.Controller)
    Encoder                                  0x20000088   Data          64  encoder.o(.bss.Encoder)
    Foc                                      0x200000c8   Data          80  foc.o(.bss.Foc)
    Ialphas                                  0x2000011c   Data           8  calibration.o(.bss.Ialphas)
    StatuswordNew                            0x20000124   Data           8  fsm.o(.bss.StatuswordNew)
    StatuswordOld                            0x2000012c   Data           8  fsm.o(.bss.StatuswordOld)
    Traj                                     0x20000134   Data          64  traptraj.o(.bss.Traj)
    UsrConfig                                0x20000174   Data         624  user_config.o(.bss.UsrConfig)
    crc                                      0x200003e4   Data           4  user_config.o(.bss.crc)
    data                                     0x200003e8   Data           2  encoder.o(.bss.data)
    delta_pos                                0x200003ec   Data           4  encoder.o(.bss.delta_pos)
    hadc1                                    0x200003f0   Data         108  adc.o(.bss.hadc1)
    hadc2                                    0x2000045c   Data         108  adc.o(.bss.hadc2)
    hdma_usart3_rx                           0x200004c8   Data          96  usart.o(.bss.hdma_usart3_rx)
    hspi1                                    0x20000528   Data         100  spi.o(.bss.hspi1)
    htim1                                    0x2000058c   Data          76  tim.o(.bss.htim1)
    htim2                                    0x200005d8   Data          76  tim.o(.bss.htim2)
    huart3                                   0x20000624   Data         140  usart.o(.bss.huart3)
    mFSM                                     0x200006b4   Data           3  fsm.o(.bss.mFSM)
    pCoggingMap                              0x200006c0   Data           4  user_config.o(.bss.pCoggingMap)
    phase_a_adc_offset                       0x200006c8   Data           2  pwm.o(.bss.phase_a_adc_offset)
    phase_b_adc_offset                       0x200006ca   Data           2  pwm.o(.bss.phase_b_adc_offset)
    uwTick                                   0x200046d0   Data           4  stm32g4xx_hal.o(.bss.uwTick)
    __initial_sp                             0x20004ae8   Data           0  startup_stm32g473xx.o(STACK)



==============================================================================

Memory Map of the image

  Image Entry point : 0x080001d9

  Load Region LR_IROM1 (Base: 0x08000000, Size: 0x00007c08, Max: 0x00020000, ABSOLUTE)

    Execution Region ER_IROM1 (Exec base: 0x08000000, Load base: 0x08000000, Size: 0x00007bd4, Max: 0x00020000, ABSOLUTE)

    Exec Addr    Load Addr    Size         Type   Attr      Idx    E Section Name        Object

    0x08000000   0x08000000   0x000001d8   Data   RO            3    RESET               startup_stm32g473xx.o
    0x080001d8   0x080001d8   0x00000000   Code   RO         1770  * .ARM.Collect$$$$00000000  mc_w.l(entry.o)
    0x080001d8   0x080001d8   0x00000004   Code   RO         1791    .ARM.Collect$$$$00000001  mc_w.l(entry2.o)
    0x080001dc   0x080001dc   0x00000004   Code   RO         1794    .ARM.Collect$$$$00000004  mc_w.l(entry5.o)
    0x080001e0   0x080001e0   0x00000000   Code   RO         1796    .ARM.Collect$$$$00000008  mc_w.l(entry7b.o)
    0x080001e0   0x080001e0   0x00000000   Code   RO         1798    .ARM.Collect$$$$0000000A  mc_w.l(entry8b.o)
    0x080001e0   0x080001e0   0x00000008   Code   RO         1799    .ARM.Collect$$$$0000000B  mc_w.l(entry9a.o)
    0x080001e8   0x080001e8   0x00000000   Code   RO         1801    .ARM.Collect$$$$0000000D  mc_w.l(entry10a.o)
    0x080001e8   0x080001e8   0x00000000   Code   RO         1803    .ARM.Collect$$$$0000000F  mc_w.l(entry11a.o)
    0x080001e8   0x080001e8   0x00000004   Code   RO         1792    .ARM.Collect$$$$00002712  mc_w.l(entry2.o)
    0x080001ec   0x080001ec   0x00000024   Code   RO            4    .text               startup_stm32g473xx.o
    0x08000210   0x08000210   0x00000062   Code   RO         1773    .text               mc_w.l(uldiv.o)
    0x08000272   0x08000272   0x00000062   Code   RO         1775    .text               mc_w.l(ldiv.o)
    0x080002d4   0x080002d4   0x00000024   Code   RO         1777    .text               mc_w.l(memcpya.o)
    0x080002f8   0x080002f8   0x00000024   Code   RO         1779    .text               mc_w.l(memseta.o)
    0x0800031c   0x0800031c   0x00000036   Code   RO         1783    .text               mf_w.l(dcmpgt.o)
    0x08000352   0x08000352   0x0000002c   Code   RO         1785    .text               mf_w.l(ffltl.o)
    0x0800037e   0x0800037e   0x00000026   Code   RO         1787    .text               mf_w.l(f2d.o)
    0x080003a4   0x080003a4   0x00000038   Code   RO         1789    .text               mf_w.l(d2f.o)
    0x080003dc   0x080003dc   0x0000001e   Code   RO         1805    .text               mc_w.l(llshl.o)
    0x080003fa   0x080003fa   0x00000020   Code   RO         1807    .text               mc_w.l(llushr.o)
    0x0800041a   0x0800041a   0x00000000   Code   RO         1816    .text               mc_w.l(iusefp.o)
    0x0800041a   0x0800041a   0x0000006e   Code   RO         1817    .text               mf_w.l(fepilogue.o)
    0x08000488   0x08000488   0x0000003c   Code   RO         1819    .text               mf_w.l(frnd.o)
    0x080004c4   0x080004c4   0x00000004   Code   RO         1821    .text               mf_w.l(fpstat.o)
    0x080004c8   0x080004c8   0x00000024   Code   RO         1823    .text               mc_w.l(init.o)
    0x080004ec   0x080004ec   0x00000038   Code   RO          133    .text.ADC1_2_IRQHandler  stm32g4xx_it.o
    0x08000524   0x08000524   0x0000006a   Code   RO          169    .text.ADC_Enable    stm32g4xx_hal_adc.o
    0x0800058e   0x0800058e   0x00000002   PAD
    0x08000590   0x08000590   0x0000001e   Code   RO         1712    .text.ANTICOGGING_end  anticogging.o
    0x080005ae   0x080005ae   0x00000002   PAD
    0x080005b0   0x080005b0   0x000001d0   Code   RO         1714    .text.ANTICOGGING_loop  anticogging.o
    0x08000780   0x08000780   0x00000024   Code   RO         1710    .text.ANTICOGGING_start  anticogging.o
    0x080007a4   0x080007a4   0x00000060   Code   RO         1695    .text.AS5047_read   encoder.o
    0x08000804   0x08000804   0x00000002   Code   RO          119    .text.BusFault_Handler  stm32g4xx_it.o
    0x08000806   0x08000806   0x00000040   Code   RO         1729    .text.CALIBRATION_end  calibration.o
    0x08000846   0x08000846   0x00000002   PAD
    0x08000848   0x08000848   0x00000654   Code   RO         1731    .text.CALIBRATION_loop  calibration.o
    0x08000e9c   0x08000e9c   0x00000052   Code   RO         1727    .text.CALIBRATION_start  calibration.o
    0x08000eee   0x08000eee   0x00000002   PAD
    0x08000ef0   0x08000ef0   0x00000040   Code   RO         1525    .text.CONTROLLER_init  controller.o
    0x08000f30   0x08000f30   0x000003d0   Code   RO         1529    .text.CONTROLLER_loop  controller.o
    0x08001300   0x08001300   0x00000084   Code   RO         1519    .text.CONTROLLER_reset  controller.o
    0x08001384   0x08001384   0x0000000c   Code   RO          131    .text.DMA1_Channel1_IRQHandler  stm32g4xx_it.o
    0x08001390   0x08001390   0x00000002   Code   RO          125    .text.DebugMon_Handler  stm32g4xx_it.o
    0x08001392   0x08001392   0x00000034   Code   RO         1689    .text.ENCODER_init  encoder.o
    0x080013c6   0x080013c6   0x00000002   PAD
    0x080013c8   0x080013c8   0x00000280   Code   RO         1697    .text.ENCODER_loop  encoder.o
    0x08001648   0x08001648   0x0000000a   Code   RO           15    .text.Error_Handler  main.o
    0x08001652   0x08001652   0x00000058   Code   RO          490    .text.FLASH_FlushCaches  stm32g4xx_hal_flash_ex.o
    0x080016aa   0x080016aa   0x00000038   Code   RO          486    .text.FLASH_MassErase  stm32g4xx_hal_flash_ex.o
    0x080016e2   0x080016e2   0x00000046   Code   RO          488    .text.FLASH_PageErase  stm32g4xx_hal_flash_ex.o
    0x08001728   0x08001728   0x00000056   Code   RO          453    .text.FLASH_WaitForLastOperation  stm32g4xx_hal_flash.o
    0x0800177e   0x0800177e   0x00000032   Code   RO         1659    .text.FOC_arm       foc.o
    0x080017b0   0x080017b0   0x0000023c   Code   RO         1665    .text.FOC_current   foc.o
    0x080019ec   0x080019ec   0x0000002a   Code   RO         1661    .text.FOC_disarm    foc.o
    0x08001a16   0x08001a16   0x00000002   PAD
    0x08001a18   0x08001a18   0x00000064   Code   RO         1657    .text.FOC_init      foc.o
    0x08001a7c   0x08001a7c   0x0000004c   Code   RO         1655    .text.FOC_update_current_ctrl_gain  foc.o
    0x08001ac8   0x08001ac8   0x00000110   Code   RO         1663    .text.FOC_voltage   foc.o
    0x08001bd8   0x08001bd8   0x00000002   Code   RO          255    .text.HAL_ADCEx_EndOfSamplingCallback  stm32g4xx_hal_adc_ex.o
    0x08001bda   0x08001bda   0x00000002   Code   RO          247    .text.HAL_ADCEx_InjectedConvCpltCallback  stm32g4xx_hal_adc_ex.o
    0x08001bdc   0x08001bdc   0x00000002   Code   RO          249    .text.HAL_ADCEx_InjectedQueueOverflowCallback  stm32g4xx_hal_adc_ex.o
    0x08001bde   0x08001bde   0x00000002   Code   RO          251    .text.HAL_ADCEx_LevelOutOfWindow2Callback  stm32g4xx_hal_adc_ex.o
    0x08001be0   0x08001be0   0x00000002   Code   RO          253    .text.HAL_ADCEx_LevelOutOfWindow3Callback  stm32g4xx_hal_adc_ex.o
    0x08001be2   0x08001be2   0x00000112   Code   RO          267    .text.HAL_ADCEx_MultiModeConfigChannel  stm32g4xx_hal_adc_ex.o
    0x08001cf4   0x08001cf4   0x00000370   Code   RO          207    .text.HAL_ADC_ConfigChannel  stm32g4xx_hal_adc.o
    0x08002064   0x08002064   0x00000002   Code   RO          199    .text.HAL_ADC_ConvCpltCallback  stm32g4xx_hal_adc.o
    0x08002066   0x08002066   0x00000002   Code   RO          203    .text.HAL_ADC_ErrorCallback  stm32g4xx_hal_adc.o
    0x08002068   0x08002068   0x00000006   Code   RO          191    .text.HAL_ADC_GetValue  stm32g4xx_hal_adc.o
    0x0800206e   0x0800206e   0x00000326   Code   RO          197    .text.HAL_ADC_IRQHandler  stm32g4xx_hal_adc.o
    0x08002394   0x08002394   0x00000236   Code   RO          155    .text.HAL_ADC_Init  stm32g4xx_hal_adc.o
    0x080025ca   0x080025ca   0x00000002   Code   RO          201    .text.HAL_ADC_LevelOutOfWindowCallback  stm32g4xx_hal_adc.o
    0x080025cc   0x080025cc   0x000000c8   Code   RO           38    .text.HAL_ADC_MspInit  adc.o
    0x08002694   0x08002694   0x000001a0   Code   RO          177    .text.HAL_ADC_Start_IT  stm32g4xx_hal_adc.o
    0x08002834   0x08002834   0x00000078   Code   RO          583    .text.HAL_DMA_Abort_IT  stm32g4xx_hal_dma.o
    0x080028ac   0x080028ac   0x0000009a   Code   RO          587    .text.HAL_DMA_IRQHandler  stm32g4xx_hal_dma.o
    0x08002946   0x08002946   0x00000126   Code   RO          571    .text.HAL_DMA_Init  stm32g4xx_hal_dma.o
    0x08002a6c   0x08002a6c   0x00000028   Code   RO          306    .text.HAL_Delay     stm32g4xx_hal.o
    0x08002a94   0x08002a94   0x000000e8   Code   RO          484    .text.HAL_FLASHEx_Erase  stm32g4xx_hal_flash_ex.o
    0x08002b7c   0x08002b7c   0x00000018   Code   RO          465    .text.HAL_FLASH_Lock  stm32g4xx_hal_flash.o
    0x08002b94   0x08002b94   0x0000002e   Code   RO          463    .text.HAL_FLASH_Unlock  stm32g4xx_hal_flash.o
    0x08002bc2   0x08002bc2   0x00000002   PAD
    0x08002bc4   0x08002bc4   0x000001c0   Code   RO          521    .text.HAL_GPIO_Init  stm32g4xx_hal_gpio.o
    0x08002d84   0x08002d84   0x0000000c   Code   RO          527    .text.HAL_GPIO_WritePin  stm32g4xx_hal_gpio.o
    0x08002d90   0x08002d90   0x0000000c   Code   RO          298    .text.HAL_GetTick   stm32g4xx_hal.o
    0x08002d9c   0x08002d9c   0x0000001a   Code   RO          296    .text.HAL_IncTick   stm32g4xx_hal.o
    0x08002db6   0x08002db6   0x0000001c   Code   RO          286    .text.HAL_Init      stm32g4xx_hal.o
    0x08002dd2   0x08002dd2   0x00000054   Code   RO          288    .text.HAL_InitTick  stm32g4xx_hal.o
    0x08002e26   0x08002e26   0x00000044   Code   RO          147    .text.HAL_MspInit   stm32g4xx_hal_msp.o
    0x08002e6a   0x08002e6a   0x00000024   Code   RO          749    .text.HAL_NVIC_EnableIRQ  stm32g4xx_hal_cortex.o
    0x08002e8e   0x08002e8e   0x00000056   Code   RO          747    .text.HAL_NVIC_SetPriority  stm32g4xx_hal_cortex.o
    0x08002ee4   0x08002ee4   0x00000020   Code   RO          745    .text.HAL_NVIC_SetPriorityGrouping  stm32g4xx_hal_cortex.o
    0x08002f04   0x08002f04   0x000000f6   Code   RO          665    .text.HAL_PWREx_ControlVoltageScaling  stm32g4xx_hal_pwr_ex.o
    0x08002ffa   0x08002ffa   0x00000012   Code   RO          735    .text.HAL_PWREx_DisableUCPDDeadBattery  stm32g4xx_hal_pwr_ex.o
    0x0800300c   0x0800300c   0x0000028a   Code   RO          405    .text.HAL_RCCEx_PeriphCLKConfig  stm32g4xx_hal_rcc_ex.o
    0x08003296   0x08003296   0x00000002   PAD
    0x08003298   0x08003298   0x0000022a   Code   RO          371    .text.HAL_RCC_ClockConfig  stm32g4xx_hal_rcc.o
    0x080034c2   0x080034c2   0x0000002a   Code   RO          379    .text.HAL_RCC_GetPCLK1Freq  stm32g4xx_hal_rcc.o
    0x080034ec   0x080034ec   0x0000002a   Code   RO          381    .text.HAL_RCC_GetPCLK2Freq  stm32g4xx_hal_rcc.o
    0x08003516   0x08003516   0x00000078   Code   RO          373    .text.HAL_RCC_GetSysClockFreq  stm32g4xx_hal_rcc.o
    0x0800358e   0x0800358e   0x00000002   PAD
    0x08003590   0x08003590   0x00000492   Code   RO          369    .text.HAL_RCC_OscConfig  stm32g4xx_hal_rcc.o
    0x08003a22   0x08003a22   0x000000e0   Code   RO          791    .text.HAL_SPI_Init  stm32g4xx_hal_spi.o
    0x08003b02   0x08003b02   0x0000005e   Code   RO           64    .text.HAL_SPI_MspInit  spi.o
    0x08003b60   0x08003b60   0x0000024c   Code   RO          805    .text.HAL_SPI_TransmitReceive  stm32g4xx_hal_spi.o
    0x08003dac   0x08003dac   0x00000010   Code   RO          344    .text.HAL_SYSCFG_DisableVREFBUF  stm32g4xx_hal.o
    0x08003dbc   0x08003dbc   0x00000012   Code   RO          338    .text.HAL_SYSCFG_VREFBUF_HighImpedanceConfig  stm32g4xx_hal.o
    0x08003dce   0x08003dce   0x0000002c   Code   RO          757    .text.HAL_SYSTICK_Config  stm32g4xx_hal_cortex.o
    0x08003dfa   0x08003dfa   0x00000002   Code   RO         1280    .text.HAL_TIMEx_Break2Callback  stm32g4xx_hal_tim_ex.o
    0x08003dfc   0x08003dfc   0x00000002   Code   RO         1278    .text.HAL_TIMEx_BreakCallback  stm32g4xx_hal_tim_ex.o
    0x08003dfe   0x08003dfe   0x00000002   Code   RO         1274    .text.HAL_TIMEx_CommutCallback  stm32g4xx_hal_tim_ex.o
    0x08003e00   0x08003e00   0x000000ea   Code   RO         1226    .text.HAL_TIMEx_ConfigBreakDeadTime  stm32g4xx_hal_tim_ex.o
    0x08003eea   0x08003eea   0x00000002   Code   RO         1284    .text.HAL_TIMEx_DirectionChangeCallback  stm32g4xx_hal_tim_ex.o
    0x08003eec   0x08003eec   0x00000002   Code   RO         1282    .text.HAL_TIMEx_EncoderIndexCallback  stm32g4xx_hal_tim_ex.o
    0x08003eee   0x08003eee   0x00000002   Code   RO         1286    .text.HAL_TIMEx_IndexErrorCallback  stm32g4xx_hal_tim_ex.o
    0x08003ef0   0x08003ef0   0x000000d2   Code   RO         1224    .text.HAL_TIMEx_MasterConfigSynchronization  stm32g4xx_hal_tim_ex.o
    0x08003fc2   0x08003fc2   0x00000002   Code   RO         1288    .text.HAL_TIMEx_TransitionErrorCallback  stm32g4xx_hal_tim_ex.o
    0x08003fc4   0x08003fc4   0x00000060   Code   RO          920    .text.HAL_TIM_Base_Init  stm32g4xx_hal_tim.o
    0x08004024   0x08004024   0x00000066   Code   RO           83    .text.HAL_TIM_Base_MspInit  tim.o
    0x0800408a   0x0800408a   0x000000aa   Code   RO          930    .text.HAL_TIM_Base_Start  stm32g4xx_hal_tim.o
    0x08004134   0x08004134   0x000001f2   Code   RO         1110    .text.HAL_TIM_ConfigClockSource  stm32g4xx_hal_tim.o
    0x08004326   0x08004326   0x00000002   Code   RO         1056    .text.HAL_TIM_IC_CaptureCallback  stm32g4xx_hal_tim.o
    0x08004328   0x08004328   0x00000200   Code   RO         1054    .text.HAL_TIM_IRQHandler  stm32g4xx_hal_tim.o
    0x08004528   0x08004528   0x0000004e   Code   RO           79    .text.HAL_TIM_MspPostInit  tim.o
    0x08004576   0x08004576   0x00000002   Code   RO         1058    .text.HAL_TIM_OC_DelayElapsedCallback  stm32g4xx_hal_tim.o
    0x08004578   0x08004578   0x000000b8   Code   RO         1084    .text.HAL_TIM_PWM_ConfigChannel  stm32g4xx_hal_tim.o
    0x08004630   0x08004630   0x00000060   Code   RO          974    .text.HAL_TIM_PWM_Init  stm32g4xx_hal_tim.o
    0x08004690   0x08004690   0x00000002   Code   RO          976    .text.HAL_TIM_PWM_MspInit  stm32g4xx_hal_tim.o
    0x08004692   0x08004692   0x00000002   Code   RO         1060    .text.HAL_TIM_PWM_PulseFinishedCallback  stm32g4xx_hal_tim.o
    0x08004694   0x08004694   0x00000184   Code   RO          982    .text.HAL_TIM_PWM_Start  stm32g4xx_hal_tim.o
    0x08004818   0x08004818   0x000000c0   Code   RO          984    .text.HAL_TIM_PWM_Stop  stm32g4xx_hal_tim.o
    0x080048d8   0x080048d8   0x00000002   Code   RO         1062    .text.HAL_TIM_PeriodElapsedCallback  stm32g4xx_hal_tim.o
    0x080048da   0x080048da   0x00000002   Code   RO         1064    .text.HAL_TIM_TriggerCallback  stm32g4xx_hal_tim.o
    0x080048dc   0x080048dc   0x00000036   Code   RO         1460    .text.HAL_UARTEx_DisableFifoMode  stm32g4xx_hal_uart_ex.o
    0x08004912   0x08004912   0x00000002   Code   RO         1444    .text.HAL_UARTEx_RxFifoFullCallback  stm32g4xx_hal_uart_ex.o
    0x08004914   0x08004914   0x0000004a   Code   RO         1464    .text.HAL_UARTEx_SetRxFifoThreshold  stm32g4xx_hal_uart_ex.o
    0x0800495e   0x0800495e   0x0000004a   Code   RO         1462    .text.HAL_UARTEx_SetTxFifoThreshold  stm32g4xx_hal_uart_ex.o
    0x080049a8   0x080049a8   0x00000002   Code   RO         1446    .text.HAL_UARTEx_TxFifoEmptyCallback  stm32g4xx_hal_uart_ex.o
    0x080049aa   0x080049aa   0x00000002   Code   RO         1442    .text.HAL_UARTEx_WakeupCallback  stm32g4xx_hal_uart_ex.o
    0x080049ac   0x080049ac   0x00000002   Code   RO         1398    .text.HAL_UART_ErrorCallback  stm32g4xx_hal_uart.o
    0x080049ae   0x080049ae   0x000001f8   Code   RO         1394    .text.HAL_UART_IRQHandler  stm32g4xx_hal_uart.o
    0x08004ba6   0x08004ba6   0x00000064   Code   RO         1302    .text.HAL_UART_Init  stm32g4xx_hal_uart.o
    0x08004c0a   0x08004c0a   0x000000ae   Code   RO           99    .text.HAL_UART_MspInit  usart.o
    0x08004cb8   0x08004cb8   0x00000002   Code   RO         1400    .text.HAL_UART_TxCpltCallback  stm32g4xx_hal_uart.o
    0x08004cba   0x08004cba   0x00000044   Code   RO         1588    .text.HEAP_free     heap.o
    0x08004cfe   0x08004cfe   0x00000002   PAD
    0x08004d00   0x08004d00   0x0000014e   Code   RO         1584    .text.HEAP_malloc   heap.o
    0x08004e4e   0x08004e4e   0x00000002   PAD
    0x08004e50   0x08004e50   0x00000002   Code   RO          115    .text.HardFault_Handler  stm32g4xx_it.o
    0x08004e52   0x08004e52   0x00000002   PAD
    0x08004e54   0x08004e54   0x0000000c   Code   RO         1612    .text.MCT_get_state  fsm.o
    0x08004e60   0x08004e60   0x000001b8   Code   RO         1616    .text.MCT_high_frequency_task  fsm.o
    0x08005018   0x08005018   0x0000002e   Code   RO         1608    .text.MCT_init      fsm.o
    0x08005046   0x08005046   0x00000002   PAD
    0x08005048   0x08005048   0x000000bc   Code   RO         1614    .text.MCT_set_state  fsm.o
    0x08005104   0x08005104   0x000000a4   Code   RO           34    .text.MX_ADC1_Init  adc.o
    0x080051a8   0x080051a8   0x00000084   Code   RO           36    .text.MX_ADC2_Init  adc.o
    0x0800522c   0x0800522c   0x00000046   Code   RO           53    .text.MX_DMA_Init   dma.o
    0x08005272   0x08005272   0x00000092   Code   RO           25    .text.MX_GPIO_Init  gpio.o
    0x08005304   0x08005304   0x00000050   Code   RO           62    .text.MX_SPI1_Init  spi.o
    0x08005354   0x08005354   0x00000138   Code   RO           77    .text.MX_TIM1_Init  tim.o
    0x0800548c   0x0800548c   0x0000006e   Code   RO           81    .text.MX_TIM2_Init  tim.o
    0x080054fa   0x080054fa   0x0000007a   Code   RO           97    .text.MX_USART3_UART_Init  usart.o
    0x08005574   0x08005574   0x00000002   Code   RO          117    .text.MemManage_Handler  stm32g4xx_it.o
    0x08005576   0x08005576   0x00000002   PAD
    0x08005578   0x08005578   0x00000002   Code   RO          113    .text.NMI_Handler   stm32g4xx_it.o
    0x0800557a   0x0800557a   0x00000002   PAD
    0x0800557c   0x0800557c   0x00000108   Code   RO         1642    .text.PWMC_CurrentReadingPolarization  pwm.o
    0x08005684   0x08005684   0x00000042   Code   RO         1638    .text.PWMC_SwitchOffPWM  pwm.o
    0x080056c6   0x080056c6   0x00000002   PAD
    0x080056c8   0x080056c8   0x0000004c   Code   RO         1640    .text.PWMC_TurnOnLowSides  pwm.o
    0x08005714   0x08005714   0x000000ae   Code   RO         1634    .text.PWMC_init     pwm.o
    0x080057c2   0x080057c2   0x00000002   Code   RO          127    .text.PendSV_Handler  stm32g4xx_it.o
    0x080057c4   0x080057c4   0x00000042   Code   RO          801    .text.SPI_EndRxTxTransaction  stm32g4xx_hal_spi.o
    0x08005806   0x08005806   0x00000002   PAD
    0x08005808   0x08005808   0x00000058   Code   RO         1693    .text.SPI_ReadWrite_OneByte  encoder.o
    0x08005860   0x08005860   0x000000ca   Code   RO          857    .text.SPI_WaitFifoStateUntilTimeout  stm32g4xx_hal_spi.o
    0x0800592a   0x0800592a   0x00000002   PAD
    0x0800592c   0x0800592c   0x000000ae   Code   RO          859    .text.SPI_WaitFlagStateUntilTimeout  stm32g4xx_hal_spi.o
    0x080059da   0x080059da   0x00000002   Code   RO          123    .text.SVC_Handler   stm32g4xx_it.o
    0x080059dc   0x080059dc   0x00000004   Code   RO          129    .text.SysTick_Handler  stm32g4xx_it.o
    0x080059e0   0x080059e0   0x00000096   Code   RO           13    .text.SystemClock_Config  main.o
    0x08005a76   0x08005a76   0x0000001c   Code   RO         1475    .text.SystemInit    system_stm32g4xx.o
    0x08005a92   0x08005a92   0x0000000c   Code   RO          135    .text.TIM2_IRQHandler  stm32g4xx_it.o
    0x08005a9e   0x08005a9e   0x00000132   Code   RO          924    .text.TIM_Base_SetConfig  stm32g4xx_hal_tim.o
    0x08005bd0   0x08005bd0   0x00000082   Code   RO         1068    .text.TIM_OC1_SetConfig  stm32g4xx_hal_tim.o
    0x08005c52   0x08005c52   0x0000009c   Code   RO         1070    .text.TIM_OC2_SetConfig  stm32g4xx_hal_tim.o
    0x08005cee   0x08005cee   0x0000009c   Code   RO         1072    .text.TIM_OC3_SetConfig  stm32g4xx_hal_tim.o
    0x08005d8a   0x08005d8a   0x0000009c   Code   RO         1074    .text.TIM_OC4_SetConfig  stm32g4xx_hal_tim.o
    0x08005e26   0x08005e26   0x00000060   Code   RO         1076    .text.TIM_OC5_SetConfig  stm32g4xx_hal_tim.o
    0x08005e86   0x08005e86   0x00000062   Code   RO         1078    .text.TIM_OC6_SetConfig  stm32g4xx_hal_tim.o
    0x08005ee8   0x08005ee8   0x00000108   Code   RO         1678    .text.TRAJ_eval     traptraj.o
    0x08005ff0   0x08005ff0   0x0000022c   Code   RO         1676    .text.TRAJ_plan     traptraj.o
    0x0800621c   0x0800621c   0x0000004e   Code   RO         1458    .text.UARTEx_SetNbDataToProcess  stm32g4xx_hal_uart_ex.o
    0x0800626a   0x0800626a   0x000000cc   Code   RO         1308    .text.UART_AdvFeatureConfig  stm32g4xx_hal_uart.o
    0x08006336   0x08006336   0x0000006a   Code   RO         1310    .text.UART_CheckIdleState  stm32g4xx_hal_uart.o
    0x080063a0   0x080063a0   0x00000010   Code   RO         1396    .text.UART_DMAAbortOnError  stm32g4xx_hal_uart.o
    0x080063b0   0x080063b0   0x00000284   Code   RO         1306    .text.UART_SetConfig  stm32g4xx_hal_uart.o
    0x08006634   0x08006634   0x000000b2   Code   RO         1324    .text.UART_WaitOnFlagUntilTimeout  stm32g4xx_hal_uart.o
    0x080066e6   0x080066e6   0x0000000c   Code   RO          137    .text.USART3_IRQHandler  stm32g4xx_it.o
    0x080066f2   0x080066f2   0x00000002   PAD
    0x080066f4   0x080066f4   0x0000005a   Code   RO         1500    .text.USR_erease_cogging_map  user_config.o
    0x0800674e   0x0800674e   0x00000002   PAD
    0x08006750   0x08006750   0x00000048   Code   RO         1496    .text.USR_read_cogging_map  user_config.o
    0x08006798   0x08006798   0x00000040   Code   RO         1494    .text.USR_read_config  user_config.o
    0x080067d8   0x080067d8   0x00000024   Code   RO         1492    .text.USR_set_default_cogging_map  user_config.o
    0x080067fc   0x080067fc   0x000000a0   Code   RO         1490    .text.USR_set_default_config  user_config.o
    0x0800689c   0x0800689c   0x00000002   Code   RO          121    .text.UsageFault_Handler  stm32g4xx_it.o
    0x0800689e   0x0800689e   0x00000002   PAD
    0x080068a0   0x080068a0   0x0000001c   Code   RO         1540    .text.clarke_transform  util.o
    0x080068bc   0x080068bc   0x00000094   Code   RO         1546    .text.cos_f32       util.o
    0x08006950   0x08006950   0x0000002a   Code   RO         1552    .text.crc32         util.o
    0x0800697a   0x0800697a   0x0000000c   Code   RO         1562    .text.float_to_data  util.o
    0x08006986   0x08006986   0x00000050   Code   RO         1548    .text.inverse_park  util.o
    0x080069d6   0x080069d6   0x00000002   PAD
    0x080069d8   0x080069d8   0x0000008a   Code   RO           11    .text.main          main.o
    0x08006a62   0x08006a62   0x00000050   Code   RO         1542    .text.park_transform  util.o
    0x08006ab2   0x08006ab2   0x00000002   PAD
    0x08006ab4   0x08006ab4   0x00000052   Code   RO         1586    .text.prvInsertBlockIntoFreeList  heap.o
    0x08006b06   0x08006b06   0x00000002   PAD
    0x08006b08   0x08006b08   0x0000008c   Code   RO         1544    .text.sin_f32       util.o
    0x08006b94   0x08006b94   0x00000224   Code   RO         1550    .text.svm           util.o
    0x08006db8   0x08006db8   0x00000070   Code   RO         1750    i.__hardfp_floorf   m_wm.l(floorf.o)
    0x08006e28   0x08006e28   0x00000038   Code   RO         1762    i.__hardfp_nearbyintf  m_wm.l(nearbyintf.o)
    0x08006e60   0x08006e60   0x0000009a   Code   RO         1766    i.__hardfp_roundf   m_wm.l(roundf.o)
    0x08006efa   0x08006efa   0x0000003a   Code   RO         1756    i.__hardfp_sqrtf    m_wm.l(sqrtf.o)
    0x08006f34   0x08006f34   0x0000000e   Code   RO         1827    i.__scatterload_copy  mc_w.l(handlers.o)
    0x08006f42   0x08006f42   0x00000002   Code   RO         1828    i.__scatterload_null  mc_w.l(handlers.o)
    0x08006f44   0x08006f44   0x0000000e   Code   RO         1829    i.__scatterload_zeroinit  mc_w.l(handlers.o)
    0x08006f52   0x08006f52   0x00000002   PAD
    0x08006f54   0x08006f54   0x0000000c   Code   RO         1811    i.__set_errno       mc_w.l(errno.o)
    0x08006f60   0x08006f60   0x00000010   Data   RO         1480    .rodata.AHBPrescTable  system_stm32g4xx.o
    0x08006f70   0x08006f70   0x00000008   Data   RO         1481    .rodata.APBPrescTable  system_stm32g4xx.o
    0x08006f78   0x08006f78   0x00000018   Data   RO         1430    .rodata.UARTPrescTable  stm32g4xx_hal_uart.o
    0x08006f90   0x08006f90   0x00000400   Data   RO         1575    .rodata.crc32_table  util.o
    0x08007390   0x08007390   0x00000010   Data   RO         1431    .rodata.cst16       stm32g4xx_hal_uart.o
    0x080073a0   0x080073a0   0x00000010   Data   RO         1466    .rodata.cst8        stm32g4xx_hal_uart_ex.o
    0x080073b0   0x080073b0   0x00000804   Data   RO         1574    .rodata.sinTable_f32  util.o
    0x08007bb4   0x08007bb4   0x00000020   Data   RO         1826    Region$$Table       anon$$obj.o


    Execution Region RW_IRAM1 (Exec base: 0x20000000, Load base: 0x08007bd8, Size: 0x00004ae8, Max: 0x00020000, ABSOLUTE)

    Exec Addr    Load Addr    Size         Type   Attr      Idx    E Section Name        Object

    0x20000000   0x08007bd8   0x00000004   Data   RW         1812    .data               mc_w.l(errno.o)
    0x20000004   0x08007bdc   0x00000004   Data   RW         1479    .data.SystemCoreClock  system_stm32g4xx.o
    0x20000008   0x08007be0   0x00000020   Data   RW          475    .data.pFlash        stm32g4xx_hal_flash.o
    0x20000028   0x08007c00   0x00000004   Data   RW          357    .data.uwTickFreq    stm32g4xx_hal.o
    0x2000002c   0x08007c04   0x00000004   Data   RW          356    .data.uwTickPrio    stm32g4xx_hal.o
    0x20000030        -       0x00000001   Zero   RW          139    .bss.ADC1_2_IRQHandler.flag  stm32g4xx_it.o
    0x20000031        -       0x00000001   Zero   RW         1716    .bss.AnticoggingValid  anticogging.o
    0x20000032   0x08007c08   0x00000002   PAD
    0x20000034        -       0x00000004   Zero   RW         1735    .bss.CALIBRATION_loop.loop_count  calibration.o
    0x20000038        -       0x00000004   Zero   RW         1740    .bss.CALIBRATION_loop.next_sample_time  calibration.o
    0x2000003c        -       0x00000004   Zero   RW         1737    .bss.CALIBRATION_loop.phase_set  calibration.o
    0x20000040        -       0x00000002   Zero   RW         1739    .bss.CALIBRATION_loop.sample_count  calibration.o
    0x20000042   0x08007c08   0x00000002   PAD
    0x20000044        -       0x00000004   Zero   RW         1738    .bss.CALIBRATION_loop.start_count  calibration.o
    0x20000048        -       0x00000008   Zero   RW         1736    .bss.CALIBRATION_loop.voltages  calibration.o
    0x20000050        -       0x00000038   Zero   RW         1531    .bss.Controller     controller.o
    0x20000088        -       0x00000040   Zero   RW         1699    .bss.Encoder        encoder.o
    0x200000c8        -       0x00000050   Zero   RW         1667    .bss.Foc            foc.o
    0x20000118        -       0x00000004   Zero   RW           44    .bss.HAL_RCC_ADC12_CLK_ENABLED  adc.o
    0x2000011c        -       0x00000008   Zero   RW         1741    .bss.Ialphas        calibration.o
    0x20000124        -       0x00000008   Zero   RW         1621    .bss.StatuswordNew  fsm.o
    0x2000012c        -       0x00000008   Zero   RW         1622    .bss.StatuswordOld  fsm.o
    0x20000134        -       0x00000040   Zero   RW         1680    .bss.Traj           traptraj.o
    0x20000174        -       0x00000270   Zero   RW         1507    .bss.UsrConfig      user_config.o
    0x200003e4        -       0x00000004   Zero   RW         1508    .bss.crc            user_config.o
    0x200003e8        -       0x00000002   Zero   RW         1700    .bss.data           encoder.o
    0x200003ea   0x08007c08   0x00000002   PAD
    0x200003ec        -       0x00000004   Zero   RW         1701    .bss.delta_pos      encoder.o
    0x200003f0        -       0x0000006c   Zero   RW           42    .bss.hadc1          adc.o
    0x2000045c        -       0x0000006c   Zero   RW           43    .bss.hadc2          adc.o
    0x200004c8        -       0x00000060   Zero   RW          104    .bss.hdma_usart3_rx  usart.o
    0x20000528        -       0x00000064   Zero   RW           68    .bss.hspi1          spi.o
    0x2000058c        -       0x0000004c   Zero   RW           87    .bss.htim1          tim.o
    0x200005d8        -       0x0000004c   Zero   RW           88    .bss.htim2          tim.o
    0x20000624        -       0x0000008c   Zero   RW          103    .bss.huart3         usart.o
    0x200006b0        -       0x00000001   Zero   RW         1734    .bss.mCalibStep     calibration.o
    0x200006b1   0x08007c08   0x00000001   PAD
    0x200006b2        -       0x00000002   Zero   RW         1623    .bss.mChargeBootCapDelay  fsm.o
    0x200006b4        -       0x00000003   Zero   RW         1620    .bss.mFSM           fsm.o
    0x200006b7   0x08007c08   0x00000001   PAD
    0x200006b8        -       0x00000004   Zero   RW         1718    .bss.mLoopCount     anticogging.o
    0x200006bc        -       0x00000004   Zero   RW         1717    .bss.mNumber        anticogging.o
    0x200006c0        -       0x00000004   Zero   RW         1506    .bss.pCoggingMap    user_config.o
    0x200006c4        -       0x00000004   Zero   RW         1733    .bss.p_error_arr    calibration.o
    0x200006c8        -       0x00000002   Zero   RW         1644    .bss.phase_a_adc_offset  pwm.o
    0x200006ca        -       0x00000002   Zero   RW         1645    .bss.phase_b_adc_offset  pwm.o
    0x200006cc        -       0x00000004   Zero   RW         1594    .bss.pxEnd          heap.o
    0x200006d0        -       0x00004000   Zero   RW         1599    .bss.ucHeap         heap.o
    0x200046d0        -       0x00000004   Zero   RW          358    .bss.uwTick         stm32g4xx_hal.o
    0x200046d4        -       0x00000001   Zero   RW         1595    .bss.xBlockAllocatedBit  heap.o
    0x200046d5   0x08007c08   0x00000003   PAD
    0x200046d8        -       0x00000004   Zero   RW         1596    .bss.xFreeBytesRemaining  heap.o
    0x200046dc        -       0x00000004   Zero   RW         1598    .bss.xMinimumEverFreeBytesRemaining  heap.o
    0x200046e0        -       0x00000008   Zero   RW         1597    .bss.xStart         heap.o
    0x200046e8        -       0x00000400   Zero   RW            1    STACK               startup_stm32g473xx.o


==============================================================================

Image component sizes


      Code (inc. data)   RO Data    RW Data    ZI Data      Debug   Object Name

       496          0          0          0        220       8966   adc.o
       530         12          0          0          9       2073   anticogging.o
      1766         80          0          0         39       4405   calibration.o
      1172         36          0          0         56       4927   controller.o
        70          0          0          0          0       3897   dma.o
       876         32          0          0         70       4038   encoder.o
      1112         36          0          0         80       4408   foc.o
       686         22          0          0         21       3908   fsm.o
       146          0          0          0          0       2353   gpio.o
       484          0          0          0      16405       2867   heap.o
       298          0          0          0          0       3519   main.o
       580          0          0          0          4       5796   pwm.o
       174          0          0          0        100       5608   spi.o
        36          8        472          0       1024        824   startup_stm32g473xx.o
       224          0          0          8          4       9042   stm32g4xx_hal.o
      2786          0          0          0          0      25065   stm32g4xx_hal_adc.o
       284          0          0          0          0      21614   stm32g4xx_hal_adc_ex.o
       198          0          0          0          0      10565   stm32g4xx_hal_cortex.o
       568          0          0          0          0       8788   stm32g4xx_hal_dma.o
       156          0          0         32          0       6666   stm32g4xx_hal_flash.o
       446          0          0          0          0       8639   stm32g4xx_hal_flash_ex.o
       460          0          0          0          0       5200   stm32g4xx_hal_gpio.o
        68          0          0          0          0       1737   stm32g4xx_hal_msp.o
       264          0          0          0          0       9102   stm32g4xx_hal_pwr_ex.o
      1928          0          0          0          0       9331   stm32g4xx_hal_rcc.o
       650          0          0          0          0      10587   stm32g4xx_hal_rcc_ex.o
      1254          0          0          0          0      23283   stm32g4xx_hal_spi.o
      3246         20          0          0          0      53402   stm32g4xx_hal_tim.o
       458          0          0          0          0      28865   stm32g4xx_hal_tim_ex.o
      1756         46         40          0          0      24804   stm32g4xx_hal_uart.o
       286          0         16          0          0       8000   stm32g4xx_hal_uart_ex.o
       112          0          0          0          1       7030   stm32g4xx_it.o
        28          0         24          4          0       2735   system_stm32g4xx.o
       602          0          0          0        152      10056   tim.o
       820         16          0          0         64       2883   traptraj.o
       296          0          0          0        236       8053   usart.o
       422          0          0          0        632       5725   user_config.o
      1078         44       3076          0          0       6837   util.o

    ----------------------------------------------------------------------
     26864        352       3660         44      19128     365598   Object Totals
         0          0         32          0          0          0   (incl. Generated)
        48          0          0          0         11          0   (incl. Padding)

    ----------------------------------------------------------------------

      Code (inc. data)   RO Data    RW Data    ZI Data      Debug   Library Member Name

       112         14          0          0          0        116   floorf.o
        56          0          0          0          0        136   nearbyintf.o
       154          0          0          0          0        140   roundf.o
        58          0          0          0          0        136   sqrtf.o
         0          0          0          0          0          0   entry.o
         0          0          0          0          0          0   entry10a.o
         0          0          0          0          0          0   entry11a.o
         8          4          0          0          0          0   entry2.o
         4          0          0          0          0          0   entry5.o
         0          0          0          0          0          0   entry7b.o
         0          0          0          0          0          0   entry8b.o
         8          4          0          0          0          0   entry9a.o
        12          6          0          4          0         68   errno.o
        30          0          0          0          0          0   handlers.o
        36          8          0          0          0         68   init.o
         0          0          0          0          0          0   iusefp.o
        98          0          0          0          0         84   ldiv.o
        30          0          0          0          0         68   llshl.o
        32          0          0          0          0         68   llushr.o
        36          0          0          0          0         68   memcpya.o
        36          0          0          0          0        108   memseta.o
        98          0          0          0          0         92   uldiv.o
        56          0          0          0          0         88   d2f.o
        54          0          0          0          0         80   dcmpgt.o
        38          0          0          0          0         68   f2d.o
       110          0          0          0          0        168   fepilogue.o
        44          0          0          0          0         92   ffltl.o
         4          0          0          0          0         68   fpstat.o
        60          0          0          0          0         76   frnd.o

    ----------------------------------------------------------------------
      1176         36          0          4          0       1792   Library Totals
         2          0          0          0          0          0   (incl. Padding)

    ----------------------------------------------------------------------

      Code (inc. data)   RO Data    RW Data    ZI Data      Debug   Library Name

       380         14          0          0          0        528   m_wm.l
       428         22          0          4          0        624   mc_w.l
       366          0          0          0          0        640   mf_w.l

    ----------------------------------------------------------------------
      1176         36          0          4          0       1792   Library Totals

    ----------------------------------------------------------------------

==============================================================================


      Code (inc. data)   RO Data    RW Data    ZI Data      Debug   

     28040        388       3660         48      19128     366002   Grand Totals
     28040        388       3660         48      19128     366002   ELF Image Totals
     28040        388       3660         48          0          0   ROM Totals

==============================================================================

    Total RO  Size (Code + RO Data)                31700 (  30.96kB)
    Total RW  Size (RW Data + ZI Data)             19176 (  18.73kB)
    Total ROM Size (Code + RO Data + RW Data)      31748 (  31.00kB)

==============================================================================

