<html>
<body>
<pre>
<h1>µVision Build Log</h1>
<h2>Tool Versions:</h2>
IDE-Version: ¦ÌVision V5.38.0.0
Copyright (C) 2022 ARM Ltd and ARM Germany GmbH. All rights reserved.
License Information: 1 ÐÏè÷º½, 1, LIC=HN0AE-5IGX6-Y88FK-ZQP2K-00QQU-3CN47
 
Tool Versions:
Toolchain:       MDK-ARM Plus  Version: 5.38.0.0
Toolchain Path:  D:\keil\ARM\ARMCLANG\Bin
C Compiler:      ArmClang.exe V6.19
Assembler:       Armasm.exe V6.19
Linker/Locator:  ArmLink.exe V6.19
Library Manager: ArmAr.exe V6.19
Hex Converter:   FromElf.exe V6.19
CPU DLL:         SARMCM3.DLL V5.38.0.0
Dialog DLL:      DCM.DLL V1.17.5.0
Target DLL:      CMSIS_AGDI.dll V1.33.15.0
Dialog DLL:      TCM.DLL V1.56.4.0
 
<h2>Project:</h2>
D:\BaiduNetdiskDownload\FOC_TEST\MDK-ARM\FOC_TEST.uvprojx
Project File Date:  01/13/2026

<h2>Output:</h2>
*** Using Compiler 'V6.19', folder: 'D:\keil\ARM\ARMCLANG\Bin'
Build target 'FOC_TEST'
assembling startup_stm32g473xx.s...
compiling spi.c...
compiling main.c...
compiling dma.c...
compiling stm32g4xx_hal_msp.c...
compiling gpio.c...
compiling usart.c...
compiling adc.c...
compiling tim.c...
compiling stm32g4xx_it.c...
compiling stm32g4xx_hal.c...
compiling stm32g4xx_hal_rcc.c...
compiling stm32g4xx_hal_rcc_ex.c...
compiling stm32g4xx_hal_flash.c...
compiling stm32g4xx_hal_adc_ex.c...
compiling stm32g4xx_hal_adc.c...
compiling stm32g4xx_hal_gpio.c...
compiling stm32g4xx_hal_exti.c...
compiling stm32g4xx_hal_flash_ramfunc.c...
compiling stm32g4xx_hal_dma_ex.c...
compiling stm32g4xx_hal_dma.c...
compiling stm32g4xx_hal_flash_ex.c...
compiling stm32g4xx_hal_pwr.c...
compiling stm32g4xx_hal_spi_ex.c...
compiling stm32g4xx_hal_cortex.c...
compiling stm32g4xx_hal_pwr_ex.c...
compiling stm32g4xx_hal_uart_ex.c...
compiling system_stm32g4xx.c...
compiling stm32g4xx_hal_spi.c...
compiling Controller.c...
compiling Util.c...
compiling User_Config.c...
compiling Heap.c...
compiling stm32g4xx_hal_tim_ex.c...
compiling FSM.c...
compiling PWM.c...
compiling stm32g4xx_hal_uart.c...
compiling trapTraj.c...
FOC.c(2): warning: In file included from...
../Source/foc.h(5): warning: In file included from...
../Source/User_config.h(8): warning: In file included from...
../Source/util.h(26): warning: inline function 'inverse_park' is not defined [-Wundefined-inline]
extern inline void inverse_park(float mod_d, float mod_q, float Theta, float *mod_alpha, float *mod_beta);
                   ^
FOC.c(88): note: used here
    inverse_park(mod_vd, mod_vq, pwm_phase, &alpha, &beta);
    ^
FOC.c(2): warning: In file included from...
../Source/foc.h(5): warning: In file included from...
../Source/User_config.h(8): warning: In file included from...
../Source/util.h(27): warning: inline function 'svm' is not defined [-Wundefined-inline]
extern inline int  svm(float alpha, float beta, float *duty_a, float *duty_b, float *duty_c);
                   ^
FOC.c(90): note: used here
    if(svm(alpha, beta, &Foc.dtc_a, &Foc.dtc_b, &Foc.dtc_c) == 0){
       ^
FOC.c(2): warning: In file included from...
../Source/foc.h(5): warning: In file included from...
../Source/User_config.h(8): warning: In file included from...
../Source/util.h(24): warning: inline function 'clarke_transform' is not defined [-Wundefined-inline]
extern inline void clarke_transform(float Ia, float Ib, float Ic, float *Ialpha, float *Ibeta);
                   ^
FOC.c(101): note: used here
    clarke_transform(Foc.i_a, Foc.i_b, Foc.i_c, &i_alpha, &i_beta);
    ^
FOC.c(2): warning: In file included from...
../Source/foc.h(5): warning: In file included from...
../Source/User_config.h(8): warning: In file included from...
../Source/util.h(25): warning: inline function 'park_transform' is not defined [-Wundefined-inline]
extern inline void park_transform(float Ialpha, float Ibeta, float Theta, float *Id, float *Iq);
                   ^
FOC.c(105): note: used here
    park_transform(i_alpha, i_beta, phase, &i_d, &i_q);
    ^
4 warnings generated.
compiling FOC.c...
compiling Encoder.c...
compiling Anticogging.c...
compiling Calibration.c...
compiling Receiver.c...
compiling stm32g4xx_hal_tim.c...
linking...
Program Size: Code=28040 RO-data=3660 RW-data=48 ZI-data=19128  
FromELF: creating hex file...
"FOC_TEST\FOC_TEST.axf" - 0 Error(s), 4 Warning(s).

<h2>Software Packages used:</h2>

Package Vendor: ARM
                http://www.keil.com/pack/ARM.CMSIS.5.9.0.pack
                ARM.CMSIS.5.9.0
                CMSIS (Common Microcontroller Software Interface Standard)
   * Component: CORE Version: 5.6.0

Package Vendor: Keil
                https://www.keil.com/pack/Keil.STM32G4xx_DFP.1.6.0.pack
                Keil.STM32G4xx_DFP.1.6.0
                STMicroelectronics STM32G4 Series Device Support, Drivers and Examples

<h2>Collection of Component include folders:</h2>
  ./RTE/_FOC_TEST
  D:/keil/ARM/CMSIS/5.9.0/CMSIS/Core/Include
  D:/keil/Keil/STM32G4xx_DFP/1.6.0/Drivers/CMSIS/Device/ST/STM32G4xx/Include

<h2>Collection of Component Files used:</h2>

   * Component: ARM::CMSIS:CORE:5.6.0
      Include file:  CMSIS/Core/Include/tz_context.h
Build Time Elapsed:  00:00:05
</pre>
</body>
</html>
